Component: ARM Compiler 5.06 update 7 (build 960) Tool: armlink [4d3601]

==============================================================================

Section Cross References

    startup_lpc17xx.o(STACK) refers (Special) to heapauxi.o(.text) for __use_two_region_memory
    startup_lpc17xx.o(HEAP) refers (Special) to heapauxi.o(.text) for __use_two_region_memory
    startup_lpc17xx.o(RESET) refers (Special) to heapauxi.o(.text) for __use_two_region_memory
    startup_lpc17xx.o(RESET) refers to startup_lpc17xx.o(STACK) for __initial_sp
    startup_lpc17xx.o(RESET) refers to startup_lpc17xx.o(.text) for Reset_Handler
    startup_lpc17xx.o(RESET) refers to irq_timer.o(.text) for TIMER0_IRQHandler
    startup_lpc17xx.o(RESET) refers to irq_rit.o(.text) for RIT_IRQHandler
    startup_lpc17xx.o(.ARM.__at_0x02FC) refers (Special) to heapauxi.o(.text) for __use_two_region_memory
    startup_lpc17xx.o(.text) refers (Special) to heapauxi.o(.text) for __use_two_region_memory
    startup_lpc17xx.o(.text) refers to __main.o(!!!main) for __main
    startup_lpc17xx.o(.text) refers to startup_lpc17xx.o(HEAP) for Heap_Mem
    startup_lpc17xx.o(.text) refers to startup_lpc17xx.o(STACK) for Stack_Mem
    sample.o(.text) refers to system_lpc17xx.o(.text) for SystemInit
    sample.o(.text) refers to glcd.o(.text) for LCD_Initialization
    sample.o(.text) refers to logic.o(.text) for logicInit
    sample.o(.text) refers to textures.o(.text) for textureInit
    sample.o(.text) refers to lib_timer.o(.text) for init_timer
    sample.o(.text) refers to lib_joystick.o(.text) for joystick_init
    sample.o(.text) refers to lib_rit.o(.text) for init_RIT
    system_lpc17xx.o(.text) refers to system_lpc17xx.o(.data) for SystemFrequency
    irq_timer.o(.text) refers to logic.o(.text) for increaseTime
    irq_timer.o(.text) refers to textures.o(.text) for drawTime
    irq_timer.o(.text) refers to lib_timer.o(.text) for disable_timer
    irq_timer.o(.text) refers to irq_timer.o(.data) for decrCount
    irq_timer.o(.text) refers to irq_rit.o(.data) for canReplay
    asciilib.o(.text) refers to rt_memcpy_v6.o(.text) for __aeabi_memcpy
    asciilib.o(.text) refers to asciilib.o(.constdata) for AsciiLib
    glcd.o(.text) refers to glcd.o(.data) for LCD_Code
    glcd.o(.text) refers to asciilib.o(.text) for GetASCIICode
    hzlib.o(.text) refers to rt_memcpy_v6.o(.text) for __aeabi_memcpy
    hzlib.o(.text) refers to hzlib.o(.constdata) for HzLib
    touchpanel.o(.text) refers to glcd.o(.text) for LCD_SetPoint
    touchpanel.o(.text) refers to rt_memclr_w.o(.text) for __aeabi_memclr4
    touchpanel.o(.text) refers to dflt_clz.o(x$fpl$dflt) for __aeabi_i2d
    touchpanel.o(.text) refers to deqf.o(x$fpl$deqf) for __aeabi_cdcmpeq
    touchpanel.o(.text) refers to dflt_clz.o(x$fpl$dfltu) for __aeabi_ui2d
    touchpanel.o(.text) refers to dmul.o(x$fpl$dmul) for __aeabi_dmul
    touchpanel.o(.text) refers to daddsub_clz.o(x$fpl$dadd) for __aeabi_dadd
    touchpanel.o(.text) refers to ddiv.o(x$fpl$ddiv) for __aeabi_ddiv
    touchpanel.o(.text) refers to dfixu.o(x$fpl$dfixu) for __aeabi_d2uiz
    touchpanel.o(.text) refers to touchpanel.o(.data) for screen
    touchpanel.o(.text) refers to touchpanel.o(.bss) for ScreenSample
    textures.o(.text) refers to glcd.o(.text) for LCD_DrawLine
    textures.o(.text) refers to textures.o(.data) for idleStart
    textures.o(.text) refers to irq_rit.o(.data) for animation
    textures.o(.text) refers to logic.o(.text) for updateTimeString
    logic.o(.text) refers to _printf_percent.o(.ARM.Collect$$_printf_percent$$00000000) for _printf_percent
    logic.o(.text) refers to _printf_d.o(.ARM.Collect$$_printf_percent$$00000009) for _printf_d
    logic.o(.text) refers to _printf_dec.o(.text) for _printf_int_dec
    logic.o(.text) refers to noretval__2sprintf.o(.text) for __2sprintf
    logic.o(.text) refers to textures.o(.text) for decreaseHappiness
    logic.o(.text) refers to logic.o(.data) for t
    logic.o(.text) refers to textures.o(.data) for timeString
    logic.o(.text) refers to irq_rit.o(.data) for canReplay
    irq_rit.o(.text) refers to logic.o(.text) for logicInit
    irq_rit.o(.text) refers to textures.o(.text) for textureInit
    irq_rit.o(.text) refers to lib_timer.o(.text) for enable_timer
    irq_rit.o(.text) refers to lib_rit.o(.text) for disable_RIT
    irq_rit.o(.text) refers to irq_rit.o(.data) for canReplay
    __2sprintf.o(.text) refers to _printf_char_common.o(.text) for _printf_char_common
    __2sprintf.o(.text) refers to _sputc.o(.text) for _sputc
    noretval__2sprintf.o(.text) refers to _printf_char_common.o(.text) for _printf_char_common
    noretval__2sprintf.o(.text) refers to _sputc.o(.text) for _sputc
    __printf.o(.text) refers to _printf_percent.o(.ARM.Collect$$_printf_percent$$00000000) for _printf_percent
    _printf_dec.o(.text) refers to _printf_intcommon.o(.text) for _printf_int_common
    __printf_flags.o(.text) refers to _printf_percent.o(.ARM.Collect$$_printf_percent$$00000000) for _printf_percent
    __printf_flags.o(.text) refers to __printf_flags.o(.constdata) for .constdata
    __printf_ss.o(.text) refers to _printf_percent.o(.ARM.Collect$$_printf_percent$$00000000) for _printf_percent
    __printf_flags_ss.o(.text) refers to _printf_percent.o(.ARM.Collect$$_printf_percent$$00000000) for _printf_percent
    __printf_flags_ss.o(.text) refers to __printf_flags_ss.o(.constdata) for .constdata
    __printf_wp.o(.text) refers to __printf_wp.o(i._is_digit) for _is_digit
    __printf_wp.o(.text) refers to _printf_percent.o(.ARM.Collect$$_printf_percent$$00000000) for _printf_percent
    __printf_flags_wp.o(.text) refers to __printf_wp.o(i._is_digit) for _is_digit
    __printf_flags_wp.o(.text) refers to _printf_percent.o(.ARM.Collect$$_printf_percent$$00000000) for _printf_percent
    __printf_flags_wp.o(.text) refers to __printf_flags_wp.o(.constdata) for .constdata
    __printf_ss_wp.o(.text) refers to __printf_wp.o(i._is_digit) for _is_digit
    __printf_ss_wp.o(.text) refers to _printf_percent.o(.ARM.Collect$$_printf_percent$$00000000) for _printf_percent
    __printf_flags_ss_wp.o(.text) refers to __printf_wp.o(i._is_digit) for _is_digit
    __printf_flags_ss_wp.o(.text) refers to _printf_percent.o(.ARM.Collect$$_printf_percent$$00000000) for _printf_percent
    __printf_flags_ss_wp.o(.text) refers to __printf_flags_ss_wp.o(.constdata) for .constdata
    _printf_d.o(.ARM.Collect$$_printf_percent$$00000009) refers (Weak) to _printf_dec.o(.text) for _printf_int_dec
    _printf_percent.o(.ARM.Collect$$_printf_percent$$00000000) refers (Special) to _printf_percent_end.o(.ARM.Collect$$_printf_percent$$00000017) for _printf_percent_end
    rt_memcpy_v6.o(.text) refers to rt_memcpy_w.o(.text) for __aeabi_memcpy4
    __main.o(!!!main) refers to __rtentry.o(.ARM.Collect$$rtentry$$00000000) for __rt_entry
    daddsub_clz.o(x$fpl$dadd) refers (Special) to usenofp.o(x$fpl$usenofp) for __I$use$fp
    daddsub_clz.o(x$fpl$dadd) refers to daddsub_clz.o(x$fpl$dsub) for _dsub1
    daddsub_clz.o(x$fpl$dadd) refers to dretinf.o(x$fpl$dretinf) for __fpl_dretinf
    daddsub_clz.o(x$fpl$dadd) refers to dnaninf.o(x$fpl$dnaninf) for __fpl_dnaninf
    daddsub_clz.o(x$fpl$drsb) refers (Special) to usenofp.o(x$fpl$usenofp) for __I$use$fp
    daddsub_clz.o(x$fpl$drsb) refers to daddsub_clz.o(x$fpl$dadd) for _dadd1
    daddsub_clz.o(x$fpl$drsb) refers to daddsub_clz.o(x$fpl$dsub) for _dsub1
    daddsub_clz.o(x$fpl$dsub) refers (Special) to usenofp.o(x$fpl$usenofp) for __I$use$fp
    daddsub_clz.o(x$fpl$dsub) refers to daddsub_clz.o(x$fpl$dadd) for _dadd1
    daddsub_clz.o(x$fpl$dsub) refers to dnaninf.o(x$fpl$dnaninf) for __fpl_dnaninf
    ddiv.o(x$fpl$drdiv) refers (Special) to usenofp.o(x$fpl$usenofp) for __I$use$fp
    ddiv.o(x$fpl$drdiv) refers to ddiv.o(x$fpl$ddiv) for ddiv_entry
    ddiv.o(x$fpl$ddiv) refers (Special) to usenofp.o(x$fpl$usenofp) for __I$use$fp
    ddiv.o(x$fpl$ddiv) refers to dretinf.o(x$fpl$dretinf) for __fpl_dretinf
    ddiv.o(x$fpl$ddiv) refers to dnaninf.o(x$fpl$dnaninf) for __fpl_dnaninf
    deqf.o(x$fpl$deqf) refers (Special) to usenofp.o(x$fpl$usenofp) for __I$use$fp
    deqf.o(x$fpl$deqf) refers to dnaninf.o(x$fpl$dnaninf) for __fpl_dnaninf
    deqf.o(x$fpl$deqf) refers to dcmpi.o(x$fpl$dcmpinf) for __fpl_dcmp_Inf
    dfixu.o(x$fpl$dfixu) refers (Special) to usenofp.o(x$fpl$usenofp) for __I$use$fp
    dfixu.o(x$fpl$dfixu) refers to dnaninf.o(x$fpl$dnaninf) for __fpl_dnaninf
    dfixu.o(x$fpl$dfixur) refers (Special) to usenofp.o(x$fpl$usenofp) for __I$use$fp
    dfixu.o(x$fpl$dfixur) refers to dnaninf.o(x$fpl$dnaninf) for __fpl_dnaninf
    dflt_clz.o(x$fpl$dfltu) refers (Special) to usenofp.o(x$fpl$usenofp) for __I$use$fp
    dflt_clz.o(x$fpl$dflt) refers (Special) to usenofp.o(x$fpl$usenofp) for __I$use$fp
    dflt_clz.o(x$fpl$dfltn) refers (Special) to usenofp.o(x$fpl$usenofp) for __I$use$fp
    dmul.o(x$fpl$dmul) refers (Special) to usenofp.o(x$fpl$usenofp) for __I$use$fp
    dmul.o(x$fpl$dmul) refers to dretinf.o(x$fpl$dretinf) for __fpl_dretinf
    dmul.o(x$fpl$dmul) refers to dnaninf.o(x$fpl$dnaninf) for __fpl_dnaninf
    __rtentry.o(.ARM.Collect$$rtentry$$00000000) refers (Special) to __rtentry2.o(.ARM.Collect$$rtentry$$0000000A) for __rt_entry_li
    __rtentry.o(.ARM.Collect$$rtentry$$00000000) refers (Special) to __rtentry2.o(.ARM.Collect$$rtentry$$0000000D) for __rt_entry_main
    __rtentry.o(.ARM.Collect$$rtentry$$00000000) refers (Special) to __rtentry2.o(.ARM.Collect$$rtentry$$0000000C) for __rt_entry_postli_1
    __rtentry.o(.ARM.Collect$$rtentry$$00000000) refers (Special) to __rtentry2.o(.ARM.Collect$$rtentry$$00000009) for __rt_entry_postsh_1
    __rtentry.o(.ARM.Collect$$rtentry$$00000000) refers (Special) to __rtentry2.o(.ARM.Collect$$rtentry$$00000002) for __rt_entry_presh_1
    __rtentry.o(.ARM.Collect$$rtentry$$00000000) refers (Special) to __rtentry4.o(.ARM.Collect$$rtentry$$00000004) for __rt_entry_sh
    _printf_char_common.o(.text) refers to __printf.o(.text) for __printf
    dcmpi.o(x$fpl$dcmpinf) refers (Special) to usenofp.o(x$fpl$usenofp) for __I$use$fp
    dnaninf.o(x$fpl$dnaninf) refers (Special) to usenofp.o(x$fpl$usenofp) for __I$use$fp
    dretinf.o(x$fpl$dretinf) refers (Special) to usenofp.o(x$fpl$usenofp) for __I$use$fp
    __rtentry2.o(.ARM.Collect$$rtentry$$00000008) refers to boardinit2.o(.text) for _platform_post_stackheap_init
    __rtentry2.o(.ARM.Collect$$rtentry$$0000000A) refers to libinit.o(.ARM.Collect$$libinit$$00000000) for __rt_lib_init
    __rtentry2.o(.ARM.Collect$$rtentry$$0000000B) refers to boardinit3.o(.text) for _platform_post_lib_init
    __rtentry2.o(.ARM.Collect$$rtentry$$0000000D) refers to sample.o(.text) for main
    __rtentry2.o(.ARM.Collect$$rtentry$$0000000D) refers to exit.o(.text) for exit
    __rtentry2.o(.ARM.exidx) refers to __rtentry2.o(.ARM.Collect$$rtentry$$00000001) for .ARM.Collect$$rtentry$$00000001
    __rtentry2.o(.ARM.exidx) refers to __rtentry2.o(.ARM.Collect$$rtentry$$00000008) for .ARM.Collect$$rtentry$$00000008
    __rtentry2.o(.ARM.exidx) refers to __rtentry2.o(.ARM.Collect$$rtentry$$0000000A) for .ARM.Collect$$rtentry$$0000000A
    __rtentry2.o(.ARM.exidx) refers to __rtentry2.o(.ARM.Collect$$rtentry$$0000000B) for .ARM.Collect$$rtentry$$0000000B
    __rtentry2.o(.ARM.exidx) refers to __rtentry2.o(.ARM.Collect$$rtentry$$0000000D) for .ARM.Collect$$rtentry$$0000000D
    __rtentry4.o(.ARM.Collect$$rtentry$$00000004) refers to sys_stackheap_outer.o(.text) for __user_setup_stackheap
    __rtentry4.o(.ARM.exidx) refers to __rtentry4.o(.ARM.Collect$$rtentry$$00000004) for .ARM.Collect$$rtentry$$00000004
    sys_stackheap_outer.o(.text) refers to libspace.o(.text) for __user_perproc_libspace
    sys_stackheap_outer.o(.text) refers to startup_lpc17xx.o(.text) for __user_initial_stackheap
    exit.o(.text) refers to rtexit.o(.ARM.Collect$$rtexit$$00000000) for __rt_exit
    libinit.o(.ARM.Collect$$libinit$$00000000) refers (Special) to libinit2.o(.ARM.Collect$$libinit$$0000002E) for __rt_lib_init_alloca_1
    libinit.o(.ARM.Collect$$libinit$$00000000) refers (Special) to libinit2.o(.ARM.Collect$$libinit$$0000002C) for __rt_lib_init_argv_1
    libinit.o(.ARM.Collect$$libinit$$00000000) refers (Special) to libinit2.o(.ARM.Collect$$libinit$$0000001B) for __rt_lib_init_atexit_1
    libinit.o(.ARM.Collect$$libinit$$00000000) refers (Special) to libinit2.o(.ARM.Collect$$libinit$$00000021) for __rt_lib_init_clock_1
    libinit.o(.ARM.Collect$$libinit$$00000000) refers (Special) to libinit2.o(.ARM.Collect$$libinit$$00000032) for __rt_lib_init_cpp_1
    libinit.o(.ARM.Collect$$libinit$$00000000) refers (Special) to libinit2.o(.ARM.Collect$$libinit$$00000030) for __rt_lib_init_exceptions_1
    libinit.o(.ARM.Collect$$libinit$$00000000) refers (Special) to libinit2.o(.ARM.Collect$$libinit$$00000002) for __rt_lib_init_fp_1
    libinit.o(.ARM.Collect$$libinit$$00000000) refers (Special) to libinit2.o(.ARM.Collect$$libinit$$0000001F) for __rt_lib_init_fp_trap_1
    libinit.o(.ARM.Collect$$libinit$$00000000) refers (Special) to libinit2.o(.ARM.Collect$$libinit$$00000023) for __rt_lib_init_getenv_1
    libinit.o(.ARM.Collect$$libinit$$00000000) refers (Special) to libinit2.o(.ARM.Collect$$libinit$$0000000A) for __rt_lib_init_heap_1
    libinit.o(.ARM.Collect$$libinit$$00000000) refers (Special) to libinit2.o(.ARM.Collect$$libinit$$00000011) for __rt_lib_init_lc_collate_1
    libinit.o(.ARM.Collect$$libinit$$00000000) refers (Special) to libinit2.o(.ARM.Collect$$libinit$$00000013) for __rt_lib_init_lc_ctype_1
    libinit.o(.ARM.Collect$$libinit$$00000000) refers (Special) to libinit2.o(.ARM.Collect$$libinit$$00000015) for __rt_lib_init_lc_monetary_1
    libinit.o(.ARM.Collect$$libinit$$00000000) refers (Special) to libinit2.o(.ARM.Collect$$libinit$$00000017) for __rt_lib_init_lc_numeric_1
    libinit.o(.ARM.Collect$$libinit$$00000000) refers (Special) to libinit2.o(.ARM.Collect$$libinit$$00000019) for __rt_lib_init_lc_time_1
    libinit.o(.ARM.Collect$$libinit$$00000000) refers (Special) to libinit2.o(.ARM.Collect$$libinit$$00000004) for __rt_lib_init_preinit_1
    libinit.o(.ARM.Collect$$libinit$$00000000) refers (Special) to libinit2.o(.ARM.Collect$$libinit$$0000000E) for __rt_lib_init_rand_1
    libinit.o(.ARM.Collect$$libinit$$00000000) refers (Special) to libinit2.o(.ARM.Collect$$libinit$$00000033) for __rt_lib_init_return
    libinit.o(.ARM.Collect$$libinit$$00000000) refers (Special) to libinit2.o(.ARM.Collect$$libinit$$0000001D) for __rt_lib_init_signal_1
    libinit.o(.ARM.Collect$$libinit$$00000000) refers (Special) to libinit2.o(.ARM.Collect$$libinit$$00000025) for __rt_lib_init_stdio_1
    libinit.o(.ARM.Collect$$libinit$$00000000) refers (Special) to libinit2.o(.ARM.Collect$$libinit$$0000000C) for __rt_lib_init_user_alloc_1
    libspace.o(.text) refers to libspace.o(.bss) for __libspace_start
    rtexit.o(.ARM.Collect$$rtexit$$00000000) refers (Special) to rtexit2.o(.ARM.Collect$$rtexit$$00000004) for __rt_exit_exit
    rtexit.o(.ARM.Collect$$rtexit$$00000000) refers (Special) to rtexit2.o(.ARM.Collect$$rtexit$$00000003) for __rt_exit_ls
    rtexit.o(.ARM.Collect$$rtexit$$00000000) refers (Special) to rtexit2.o(.ARM.Collect$$rtexit$$00000002) for __rt_exit_prels_1
    rtexit.o(.ARM.exidx) refers (Special) to rtexit2.o(.ARM.Collect$$rtexit$$00000004) for __rt_exit_exit
    rtexit.o(.ARM.exidx) refers (Special) to rtexit2.o(.ARM.Collect$$rtexit$$00000003) for __rt_exit_ls
    rtexit.o(.ARM.exidx) refers (Special) to rtexit2.o(.ARM.Collect$$rtexit$$00000002) for __rt_exit_prels_1
    rtexit.o(.ARM.exidx) refers to rtexit.o(.ARM.Collect$$rtexit$$00000000) for .ARM.Collect$$rtexit$$00000000
    libinit2.o(.ARM.Collect$$libinit$$00000010) refers to libinit2.o(.ARM.Collect$$libinit$$0000000F) for .ARM.Collect$$libinit$$0000000F
    libinit2.o(.ARM.Collect$$libinit$$00000012) refers to libinit2.o(.ARM.Collect$$libinit$$0000000F) for .ARM.Collect$$libinit$$0000000F
    libinit2.o(.ARM.Collect$$libinit$$00000014) refers to libinit2.o(.ARM.Collect$$libinit$$0000000F) for .ARM.Collect$$libinit$$0000000F
    libinit2.o(.ARM.Collect$$libinit$$00000016) refers to libinit2.o(.ARM.Collect$$libinit$$0000000F) for .ARM.Collect$$libinit$$0000000F
    libinit2.o(.ARM.Collect$$libinit$$00000018) refers to libinit2.o(.ARM.Collect$$libinit$$0000000F) for .ARM.Collect$$libinit$$0000000F
    libinit2.o(.ARM.Collect$$libinit$$00000026) refers to argv_veneer.o(.emb_text) for __ARM_argv_veneer
    libinit2.o(.ARM.Collect$$libinit$$00000027) refers to argv_veneer.o(.emb_text) for __ARM_argv_veneer
    rtexit2.o(.ARM.Collect$$rtexit$$00000003) refers to libshutdown.o(.ARM.Collect$$libshutdown$$00000000) for __rt_lib_shutdown
    rtexit2.o(.ARM.Collect$$rtexit$$00000004) refers to sys_exit.o(.text) for _sys_exit
    rtexit2.o(.ARM.exidx) refers to rtexit2.o(.ARM.Collect$$rtexit$$00000001) for .ARM.Collect$$rtexit$$00000001
    rtexit2.o(.ARM.exidx) refers to rtexit2.o(.ARM.Collect$$rtexit$$00000003) for .ARM.Collect$$rtexit$$00000003
    rtexit2.o(.ARM.exidx) refers to rtexit2.o(.ARM.Collect$$rtexit$$00000004) for .ARM.Collect$$rtexit$$00000004
    argv_veneer.o(.emb_text) refers to no_argv.o(.text) for __ARM_get_argv
    sys_exit.o(.text) refers (Special) to use_no_semi.o(.text) for __I$use$semihosting
    sys_exit.o(.text) refers (Special) to indicate_semi.o(.text) for __semihosting_library_function
    _get_argv_nomalloc.o(.text) refers (Special) to hrguard.o(.text) for __heap_region$guard
    _get_argv_nomalloc.o(.text) refers to defsig_rtmem_outer.o(.text) for __rt_SIGRTMEM
    _get_argv_nomalloc.o(.text) refers to sys_command.o(.text) for _sys_command_string
    libshutdown.o(.ARM.Collect$$libshutdown$$00000000) refers (Special) to libshutdown2.o(.ARM.Collect$$libshutdown$$00000004) for __rt_lib_shutdown_cpp_1
    libshutdown.o(.ARM.Collect$$libshutdown$$00000000) refers (Special) to libshutdown2.o(.ARM.Collect$$libshutdown$$00000002) for __rt_lib_shutdown_fini_1
    libshutdown.o(.ARM.Collect$$libshutdown$$00000000) refers (Special) to libshutdown2.o(.ARM.Collect$$libshutdown$$00000009) for __rt_lib_shutdown_fp_trap_1
    libshutdown.o(.ARM.Collect$$libshutdown$$00000000) refers (Special) to libshutdown2.o(.ARM.Collect$$libshutdown$$00000011) for __rt_lib_shutdown_heap_1
    libshutdown.o(.ARM.Collect$$libshutdown$$00000000) refers (Special) to libshutdown2.o(.ARM.Collect$$libshutdown$$00000012) for __rt_lib_shutdown_return
    libshutdown.o(.ARM.Collect$$libshutdown$$00000000) refers (Special) to libshutdown2.o(.ARM.Collect$$libshutdown$$0000000C) for __rt_lib_shutdown_signal_1
    libshutdown.o(.ARM.Collect$$libshutdown$$00000000) refers (Special) to libshutdown2.o(.ARM.Collect$$libshutdown$$00000006) for __rt_lib_shutdown_stdio_1
    libshutdown.o(.ARM.Collect$$libshutdown$$00000000) refers (Special) to libshutdown2.o(.ARM.Collect$$libshutdown$$0000000E) for __rt_lib_shutdown_user_alloc_1
    sys_command.o(.text) refers (Special) to use_no_semi.o(.text) for __I$use$semihosting
    sys_command.o(.text) refers (Special) to indicate_semi.o(.text) for __semihosting_library_function
    defsig_rtmem_outer.o(.text) refers to defsig_rtmem_inner.o(.text) for __rt_SIGRTMEM_inner
    defsig_rtmem_outer.o(.text) refers to defsig_exit.o(.text) for __sig_exit
    defsig_rtmem_formal.o(.text) refers to rt_raise.o(.text) for __rt_raise
    rt_raise.o(.text) refers to __raise.o(.text) for __raise
    rt_raise.o(.text) refers to sys_exit.o(.text) for _sys_exit
    defsig_exit.o(.text) refers to sys_exit.o(.text) for _sys_exit
    defsig_rtmem_inner.o(.text) refers to defsig_general.o(.text) for __default_signal_display
    __raise.o(.text) refers to defsig.o(CL$$defsig) for __default_signal_handler
    defsig_general.o(.text) refers to sys_wrch.o(.text) for _ttywrch
    sys_wrch.o(.text) refers (Special) to use_no_semi.o(.text) for __I$use$semihosting
    sys_wrch.o(.text) refers (Special) to indicate_semi.o(.text) for __semihosting_library_function
    defsig.o(CL$$defsig) refers to defsig_rtmem_inner.o(.text) for __rt_SIGRTMEM_inner
    defsig_abrt_inner.o(.text) refers to defsig_general.o(.text) for __default_signal_display
    defsig_fpe_inner.o(.text) refers to defsig_general.o(.text) for __default_signal_display
    defsig_rtred_inner.o(.text) refers to defsig_general.o(.text) for __default_signal_display
    defsig_stak_inner.o(.text) refers to defsig_general.o(.text) for __default_signal_display
    defsig_pvfn_inner.o(.text) refers to defsig_general.o(.text) for __default_signal_display
    defsig_cppl_inner.o(.text) refers to defsig_general.o(.text) for __default_signal_display
    defsig_segv_inner.o(.text) refers to defsig_general.o(.text) for __default_signal_display
    defsig_other.o(.text) refers to defsig_general.o(.text) for __default_signal_display


==============================================================================

Removing Unused input sections from the image.

    Removing sample.o(.rev16_text), (4 bytes).
    Removing sample.o(.revsh_text), (4 bytes).
    Removing sample.o(.rrx_text), (6 bytes).
    Removing core_cm3.o(.emb_text), (32 bytes).
    Removing system_lpc17xx.o(.rev16_text), (4 bytes).
    Removing system_lpc17xx.o(.revsh_text), (4 bytes).
    Removing system_lpc17xx.o(.rrx_text), (6 bytes).
    Removing irq_timer.o(.rev16_text), (4 bytes).
    Removing irq_timer.o(.revsh_text), (4 bytes).
    Removing irq_timer.o(.rrx_text), (6 bytes).
    Removing lib_timer.o(.rev16_text), (4 bytes).
    Removing lib_timer.o(.revsh_text), (4 bytes).
    Removing lib_timer.o(.rrx_text), (6 bytes).
    Removing glcd.o(.rev16_text), (4 bytes).
    Removing glcd.o(.revsh_text), (4 bytes).
    Removing glcd.o(.rrx_text), (6 bytes).
    Removing hzlib.o(.text), (52 bytes).
    Removing hzlib.o(.constdata), (216576 bytes).
    Removing touchpanel.o(.rev16_text), (4 bytes).
    Removing touchpanel.o(.revsh_text), (4 bytes).
    Removing touchpanel.o(.rrx_text), (6 bytes).
    Removing touchpanel.o(.text), (2432 bytes).
    Removing touchpanel.o(.bss), (68 bytes).
    Removing touchpanel.o(.data), (20 bytes).
    Removing textures.o(.rev16_text), (4 bytes).
    Removing textures.o(.revsh_text), (4 bytes).
    Removing textures.o(.rrx_text), (6 bytes).
    Removing lib_joystick.o(.rev16_text), (4 bytes).
    Removing lib_joystick.o(.revsh_text), (4 bytes).
    Removing lib_joystick.o(.rrx_text), (6 bytes).
    Removing funct_joystick.o(.rev16_text), (4 bytes).
    Removing funct_joystick.o(.revsh_text), (4 bytes).
    Removing funct_joystick.o(.rrx_text), (6 bytes).
    Removing funct_joystick.o(.text), (2 bytes).
    Removing lib_rit.o(.rev16_text), (4 bytes).
    Removing lib_rit.o(.revsh_text), (4 bytes).
    Removing lib_rit.o(.rrx_text), (6 bytes).
    Removing irq_rit.o(.rev16_text), (4 bytes).
    Removing irq_rit.o(.revsh_text), (4 bytes).
    Removing irq_rit.o(.rrx_text), (6 bytes).

40 unused section(s) (total 219336 bytes) removed from the image.

==============================================================================

Image Symbol Table

    Local Symbols

    Symbol Name                              Value     Ov Type        Size  Object(Section)

    RESET                                    0x00000000   Section      204  startup_lpc17xx.o(RESET)
    ../clib/angel/boardlib.s                 0x00000000   Number         0  boardshut.o ABSOLUTE
    ../clib/angel/boardlib.s                 0x00000000   Number         0  boardinit1.o ABSOLUTE
    ../clib/angel/boardlib.s                 0x00000000   Number         0  boardinit2.o ABSOLUTE
    ../clib/angel/boardlib.s                 0x00000000   Number         0  boardinit3.o ABSOLUTE
    ../clib/angel/dclz77c.s                  0x00000000   Number         0  __dclz77c.o ABSOLUTE
    ../clib/angel/handlers.s                 0x00000000   Number         0  __scatter_zi.o ABSOLUTE
    ../clib/angel/handlers.s                 0x00000000   Number         0  __scatter_copy.o ABSOLUTE
    ../clib/angel/kernel.s                   0x00000000   Number         0  rtexit.o ABSOLUTE
    ../clib/angel/kernel.s                   0x00000000   Number         0  rtexit2.o ABSOLUTE
    ../clib/angel/kernel.s                   0x00000000   Number         0  __rtentry2.o ABSOLUTE
    ../clib/angel/kernel.s                   0x00000000   Number         0  __rtentry4.o ABSOLUTE
    ../clib/angel/kernel.s                   0x00000000   Number         0  __rtentry.o ABSOLUTE
    ../clib/angel/rt.s                       0x00000000   Number         0  rt_raise.o ABSOLUTE
    ../clib/angel/scatter.s                  0x00000000   Number         0  __scatter.o ABSOLUTE
    ../clib/angel/startup.s                  0x00000000   Number         0  __main.o ABSOLUTE
    ../clib/angel/sys.s                      0x00000000   Number         0  use_no_semi.o ABSOLUTE
    ../clib/angel/sys.s                      0x00000000   Number         0  libspace.o ABSOLUTE
    ../clib/angel/sys.s                      0x00000000   Number         0  indicate_semi.o ABSOLUTE
    ../clib/angel/sys.s                      0x00000000   Number         0  sys_stackheap_outer.o ABSOLUTE
    ../clib/angel/sysapp.c                   0x00000000   Number         0  sys_command.o ABSOLUTE
    ../clib/angel/sysapp.c                   0x00000000   Number         0  sys_wrch.o ABSOLUTE
    ../clib/angel/sysapp.c                   0x00000000   Number         0  sys_exit.o ABSOLUTE
    ../clib/armsys.c                         0x00000000   Number         0  argv_veneer.o ABSOLUTE
    ../clib/armsys.c                         0x00000000   Number         0  _get_argv_nomalloc.o ABSOLUTE
    ../clib/armsys.c                         0x00000000   Number         0  no_argv.o ABSOLUTE
    ../clib/armsys.c                         0x00000000   Number         0  argv_veneer.o ABSOLUTE
    ../clib/heapalloc.c                      0x00000000   Number         0  hrguard.o ABSOLUTE
    ../clib/heapaux.c                        0x00000000   Number         0  heapauxi.o ABSOLUTE
    ../clib/libinit.s                        0x00000000   Number         0  libinit.o ABSOLUTE
    ../clib/libinit.s                        0x00000000   Number         0  libshutdown.o ABSOLUTE
    ../clib/libinit.s                        0x00000000   Number         0  libshutdown2.o ABSOLUTE
    ../clib/libinit.s                        0x00000000   Number         0  libinit2.o ABSOLUTE
    ../clib/memcpset.s                       0x00000000   Number         0  rt_memclr_w.o ABSOLUTE
    ../clib/memcpset.s                       0x00000000   Number         0  rt_memcpy_v6.o ABSOLUTE
    ../clib/memcpset.s                       0x00000000   Number         0  rt_memcpy_w.o ABSOLUTE
    ../clib/printf.c                         0x00000000   Number         0  __printf_ss_wp.o ABSOLUTE
    ../clib/printf.c                         0x00000000   Number         0  __2sprintf.o ABSOLUTE
    ../clib/printf.c                         0x00000000   Number         0  _sputc.o ABSOLUTE
    ../clib/printf.c                         0x00000000   Number         0  noretval__2sprintf.o ABSOLUTE
    ../clib/printf.c                         0x00000000   Number         0  __printf.o ABSOLUTE
    ../clib/printf.c                         0x00000000   Number         0  _printf_dec.o ABSOLUTE
    ../clib/printf.c                         0x00000000   Number         0  __printf_flags.o ABSOLUTE
    ../clib/printf.c                         0x00000000   Number         0  __printf_ss.o ABSOLUTE
    ../clib/printf.c                         0x00000000   Number         0  __printf_flags_ss.o ABSOLUTE
    ../clib/printf.c                         0x00000000   Number         0  __printf_wp.o ABSOLUTE
    ../clib/printf.c                         0x00000000   Number         0  __printf_flags_wp.o ABSOLUTE
    ../clib/printf.c                         0x00000000   Number         0  __printf_flags_ss_wp.o ABSOLUTE
    ../clib/printf.c                         0x00000000   Number         0  __printf_nopercent.o ABSOLUTE
    ../clib/printf.c                         0x00000000   Number         0  _printf_intcommon.o ABSOLUTE
    ../clib/printf.c                         0x00000000   Number         0  _printf_char_common.o ABSOLUTE
    ../clib/printf_percent.s                 0x00000000   Number         0  _printf_percent_end.o ABSOLUTE
    ../clib/printf_percent.s                 0x00000000   Number         0  _printf_d.o ABSOLUTE
    ../clib/printf_percent.s                 0x00000000   Number         0  _printf_percent.o ABSOLUTE
    ../clib/signal.c                         0x00000000   Number         0  defsig_segv_inner.o ABSOLUTE
    ../clib/signal.c                         0x00000000   Number         0  defsig_rtmem_formal.o ABSOLUTE
    ../clib/signal.c                         0x00000000   Number         0  defsig_other.o ABSOLUTE
    ../clib/signal.c                         0x00000000   Number         0  defsig_general.o ABSOLUTE
    ../clib/signal.c                         0x00000000   Number         0  defsig_abrt_inner.o ABSOLUTE
    ../clib/signal.c                         0x00000000   Number         0  defsig_cppl_inner.o ABSOLUTE
    ../clib/signal.c                         0x00000000   Number         0  defsig_pvfn_inner.o ABSOLUTE
    ../clib/signal.c                         0x00000000   Number         0  defsig_stak_inner.o ABSOLUTE
    ../clib/signal.c                         0x00000000   Number         0  defsig_rtred_inner.o ABSOLUTE
    ../clib/signal.c                         0x00000000   Number         0  defsig_fpe_inner.o ABSOLUTE
    ../clib/signal.c                         0x00000000   Number         0  __raise.o ABSOLUTE
    ../clib/signal.c                         0x00000000   Number         0  defsig_rtmem_inner.o ABSOLUTE
    ../clib/signal.c                         0x00000000   Number         0  defsig_rtmem_outer.o ABSOLUTE
    ../clib/signal.c                         0x00000000   Number         0  defsig_exit.o ABSOLUTE
    ../clib/signal.s                         0x00000000   Number         0  defsig.o ABSOLUTE
    ../clib/stdlib.c                         0x00000000   Number         0  exit.o ABSOLUTE
    ../fplib/daddsub.s                       0x00000000   Number         0  daddsub_clz.o ABSOLUTE
    ../fplib/dcmpi.s                         0x00000000   Number         0  dcmpi.o ABSOLUTE
    ../fplib/ddiv.s                          0x00000000   Number         0  ddiv.o ABSOLUTE
    ../fplib/deqf.s                          0x00000000   Number         0  deqf.o ABSOLUTE
    ../fplib/dfixu.s                         0x00000000   Number         0  dfixu.o ABSOLUTE
    ../fplib/dflt.s                          0x00000000   Number         0  dflt_clz.o ABSOLUTE
    ../fplib/dmul.s                          0x00000000   Number         0  dmul.o ABSOLUTE
    ../fplib/dnaninf.s                       0x00000000   Number         0  dnaninf.o ABSOLUTE
    ../fplib/dretinf.s                       0x00000000   Number         0  dretinf.o ABSOLUTE
    ../fplib/fpinit.s                        0x00000000   Number         0  fpinit.o ABSOLUTE
    ../fplib/usenofp.s                       0x00000000   Number         0  usenofp.o ABSOLUTE
    GLCD\AsciiLib.c                          0x00000000   Number         0  asciilib.o ABSOLUTE
    GLCD\GLCD.c                              0x00000000   Number         0  glcd.o ABSOLUTE
    GLCD\HzLib.c                             0x00000000   Number         0  hzlib.o ABSOLUTE
    GLCD\\GLCD.c                             0x00000000   Number         0  glcd.o ABSOLUTE
    RIT\IRQ_RIT.c                            0x00000000   Number         0  irq_rit.o ABSOLUTE
    RIT\\IRQ_RIT.c                           0x00000000   Number         0  irq_rit.o ABSOLUTE
    RIT\\lib_RIT.c                           0x00000000   Number         0  lib_rit.o ABSOLUTE
    RIT\lib_RIT.c                            0x00000000   Number         0  lib_rit.o ABSOLUTE
    TouchPanel\TouchPanel.c                  0x00000000   Number         0  touchpanel.o ABSOLUTE
    TouchPanel\\TouchPanel.c                 0x00000000   Number         0  touchpanel.o ABSOLUTE
    core_cm3.c                               0x00000000   Number         0  core_cm3.o ABSOLUTE
    core_cm3.c                               0x00000000   Number         0  core_cm3.o ABSOLUTE
    dc.s                                     0x00000000   Number         0  dc.o ABSOLUTE
    joystick\\funct_joystick.c               0x00000000   Number         0  funct_joystick.o ABSOLUTE
    joystick\\lib_joystick.c                 0x00000000   Number         0  lib_joystick.o ABSOLUTE
    joystick\funct_joystick.c                0x00000000   Number         0  funct_joystick.o ABSOLUTE
    joystick\lib_joystick.c                  0x00000000   Number         0  lib_joystick.o ABSOLUTE
    logic\logic.c                            0x00000000   Number         0  logic.o ABSOLUTE
    render\\textures.c                       0x00000000   Number         0  textures.o ABSOLUTE
    render\textures.c                        0x00000000   Number         0  textures.o ABSOLUTE
    sample.c                                 0x00000000   Number         0  sample.o ABSOLUTE
    sample.c                                 0x00000000   Number         0  sample.o ABSOLUTE
    startup_LPC17xx.s                        0x00000000   Number         0  startup_lpc17xx.o ABSOLUTE
    system_LPC17xx.c                         0x00000000   Number         0  system_lpc17xx.o ABSOLUTE
    system_LPC17xx.c                         0x00000000   Number         0  system_lpc17xx.o ABSOLUTE
    timer\IRQ_timer.c                        0x00000000   Number         0  irq_timer.o ABSOLUTE
    timer\\IRQ_timer.c                       0x00000000   Number         0  irq_timer.o ABSOLUTE
    timer\\lib_timer.c                       0x00000000   Number         0  lib_timer.o ABSOLUTE
    timer\lib_timer.c                        0x00000000   Number         0  lib_timer.o ABSOLUTE
    !!!main                                  0x000000cc   Section        8  __main.o(!!!main)
    !!!scatter                               0x000000d4   Section       52  __scatter.o(!!!scatter)
    !!dclz77c                                0x00000108   Section      100  __dclz77c.o(!!dclz77c)
    !!handler_copy                           0x0000016c   Section       26  __scatter_copy.o(!!handler_copy)
    !!handler_zi                             0x00000188   Section       28  __scatter_zi.o(!!handler_zi)
    .ARM.Collect$$_printf_percent$$00000000  0x000001a4   Section        0  _printf_percent.o(.ARM.Collect$$_printf_percent$$00000000)
    .ARM.Collect$$_printf_percent$$00000009  0x000001a4   Section        6  _printf_d.o(.ARM.Collect$$_printf_percent$$00000009)
    .ARM.Collect$$_printf_percent$$00000017  0x000001aa   Section        4  _printf_percent_end.o(.ARM.Collect$$_printf_percent$$00000017)
    .ARM.Collect$$libinit$$00000000          0x000001ae   Section        2  libinit.o(.ARM.Collect$$libinit$$00000000)
    .ARM.Collect$$libinit$$00000002          0x000001b0   Section        0  libinit2.o(.ARM.Collect$$libinit$$00000002)
    .ARM.Collect$$libinit$$00000004          0x000001b0   Section        0  libinit2.o(.ARM.Collect$$libinit$$00000004)
    .ARM.Collect$$libinit$$0000000A          0x000001b0   Section        0  libinit2.o(.ARM.Collect$$libinit$$0000000A)
    .ARM.Collect$$libinit$$0000000C          0x000001b0   Section        0  libinit2.o(.ARM.Collect$$libinit$$0000000C)
    .ARM.Collect$$libinit$$0000000E          0x000001b0   Section        0  libinit2.o(.ARM.Collect$$libinit$$0000000E)
    .ARM.Collect$$libinit$$00000011          0x000001b0   Section        0  libinit2.o(.ARM.Collect$$libinit$$00000011)
    .ARM.Collect$$libinit$$00000013          0x000001b0   Section        0  libinit2.o(.ARM.Collect$$libinit$$00000013)
    .ARM.Collect$$libinit$$00000015          0x000001b0   Section        0  libinit2.o(.ARM.Collect$$libinit$$00000015)
    .ARM.Collect$$libinit$$00000017          0x000001b0   Section        0  libinit2.o(.ARM.Collect$$libinit$$00000017)
    .ARM.Collect$$libinit$$00000019          0x000001b0   Section        0  libinit2.o(.ARM.Collect$$libinit$$00000019)
    .ARM.Collect$$libinit$$0000001B          0x000001b0   Section        0  libinit2.o(.ARM.Collect$$libinit$$0000001B)
    .ARM.Collect$$libinit$$0000001D          0x000001b0   Section        0  libinit2.o(.ARM.Collect$$libinit$$0000001D)
    .ARM.Collect$$libinit$$0000001F          0x000001b0   Section        0  libinit2.o(.ARM.Collect$$libinit$$0000001F)
    .ARM.Collect$$libinit$$00000021          0x000001b0   Section        0  libinit2.o(.ARM.Collect$$libinit$$00000021)
    .ARM.Collect$$libinit$$00000023          0x000001b0   Section        0  libinit2.o(.ARM.Collect$$libinit$$00000023)
    .ARM.Collect$$libinit$$00000025          0x000001b0   Section        0  libinit2.o(.ARM.Collect$$libinit$$00000025)
    .ARM.Collect$$libinit$$0000002C          0x000001b0   Section        0  libinit2.o(.ARM.Collect$$libinit$$0000002C)
    .ARM.Collect$$libinit$$0000002E          0x000001b0   Section        0  libinit2.o(.ARM.Collect$$libinit$$0000002E)
    .ARM.Collect$$libinit$$00000030          0x000001b0   Section        0  libinit2.o(.ARM.Collect$$libinit$$00000030)
    .ARM.Collect$$libinit$$00000032          0x000001b0   Section        0  libinit2.o(.ARM.Collect$$libinit$$00000032)
    .ARM.Collect$$libinit$$00000033          0x000001b0   Section        2  libinit2.o(.ARM.Collect$$libinit$$00000033)
    .ARM.Collect$$libshutdown$$00000000      0x000001b2   Section        2  libshutdown.o(.ARM.Collect$$libshutdown$$00000000)
    .ARM.Collect$$libshutdown$$00000002      0x000001b4   Section        0  libshutdown2.o(.ARM.Collect$$libshutdown$$00000002)
    .ARM.Collect$$libshutdown$$00000004      0x000001b4   Section        0  libshutdown2.o(.ARM.Collect$$libshutdown$$00000004)
    .ARM.Collect$$libshutdown$$00000006      0x000001b4   Section        0  libshutdown2.o(.ARM.Collect$$libshutdown$$00000006)
    .ARM.Collect$$libshutdown$$00000009      0x000001b4   Section        0  libshutdown2.o(.ARM.Collect$$libshutdown$$00000009)
    .ARM.Collect$$libshutdown$$0000000C      0x000001b4   Section        0  libshutdown2.o(.ARM.Collect$$libshutdown$$0000000C)
    .ARM.Collect$$libshutdown$$0000000E      0x000001b4   Section        0  libshutdown2.o(.ARM.Collect$$libshutdown$$0000000E)
    .ARM.Collect$$libshutdown$$00000011      0x000001b4   Section        0  libshutdown2.o(.ARM.Collect$$libshutdown$$00000011)
    .ARM.Collect$$libshutdown$$00000012      0x000001b4   Section        2  libshutdown2.o(.ARM.Collect$$libshutdown$$00000012)
    .ARM.Collect$$rtentry$$00000000          0x000001b6   Section        0  __rtentry.o(.ARM.Collect$$rtentry$$00000000)
    .ARM.Collect$$rtentry$$00000002          0x000001b6   Section        0  __rtentry2.o(.ARM.Collect$$rtentry$$00000002)
    .ARM.Collect$$rtentry$$00000004          0x000001b6   Section        6  __rtentry4.o(.ARM.Collect$$rtentry$$00000004)
    .ARM.Collect$$rtentry$$00000009          0x000001bc   Section        0  __rtentry2.o(.ARM.Collect$$rtentry$$00000009)
    .ARM.Collect$$rtentry$$0000000A          0x000001bc   Section        4  __rtentry2.o(.ARM.Collect$$rtentry$$0000000A)
    .ARM.Collect$$rtentry$$0000000C          0x000001c0   Section        0  __rtentry2.o(.ARM.Collect$$rtentry$$0000000C)
    .ARM.Collect$$rtentry$$0000000D          0x000001c0   Section        8  __rtentry2.o(.ARM.Collect$$rtentry$$0000000D)
    .ARM.Collect$$rtexit$$00000000           0x000001c8   Section        2  rtexit.o(.ARM.Collect$$rtexit$$00000000)
    .ARM.Collect$$rtexit$$00000002           0x000001ca   Section        0  rtexit2.o(.ARM.Collect$$rtexit$$00000002)
    .ARM.Collect$$rtexit$$00000003           0x000001ca   Section        4  rtexit2.o(.ARM.Collect$$rtexit$$00000003)
    .ARM.Collect$$rtexit$$00000004           0x000001ce   Section        6  rtexit2.o(.ARM.Collect$$rtexit$$00000004)
    .text                                    0x000001d4   Section       52  startup_lpc17xx.o(.text)
    .text                                    0x00000208   Section        0  sample.o(.text)
    __NVIC_SetPriority                       0x00000209   Thumb Code    32  sample.o(.text)
    .text                                    0x000002c0   Section        0  asciilib.o(.text)
    .text                                    0x000002e0   Section        0  heapauxi.o(.text)
    .text                                    0x000002e6   Section        0  _sputc.o(.text)
    .text                                    0x000002f0   Section        8  libspace.o(.text)
    .text                                    0x000002f8   Section        2  use_no_semi.o(.text)
    .text                                    0x000002fa   Section        0  indicate_semi.o(.text)
    .ARM.__at_0x02FC                         0x000002fc   Section        4  startup_lpc17xx.o(.ARM.__at_0x02FC)
    .text                                    0x00000300   Section        0  system_lpc17xx.o(.text)
    .text                                    0x0000054c   Section        0  irq_timer.o(.text)
    .text                                    0x00000638   Section        0  lib_timer.o(.text)
    __NVIC_EnableIRQ                         0x00000639   Thumb Code    34  lib_timer.o(.text)
    .text                                    0x000006e0   Section        0  glcd.o(.text)
    LCD_Configuration                        0x000006e1   Thumb Code    20  glcd.o(.text)
    wait_delay                               0x000006f5   Thumb Code    12  glcd.o(.text)
    LCD_SetCursor                            0x00000701   Thumb Code  1356  glcd.o(.text)
    delay_ms                                 0x00000c4d   Thumb Code    30  glcd.o(.text)
    LCD_BGR2RGB                              0x00006415   Thumb Code    26  glcd.o(.text)
    .text                                    0x000073d4   Section        0  textures.o(.text)
    .text                                    0x00008168   Section        0  logic.o(.text)
    .text                                    0x000082ec   Section        0  lib_joystick.o(.text)
    .text                                    0x00008310   Section        0  lib_rit.o(.text)
    .text                                    0x000083a4   Section        0  irq_rit.o(.text)
    .text                                    0x00008488   Section        0  noretval__2sprintf.o(.text)
    .text                                    0x000084b0   Section        0  __printf.o(.text)
    .text                                    0x00008518   Section        0  _printf_dec.o(.text)
    .text                                    0x00008590   Section      138  rt_memcpy_v6.o(.text)
    .text                                    0x0000861a   Section        0  _printf_intcommon.o(.text)
    .text                                    0x000086cc   Section        0  _printf_char_common.o(.text)
    _printf_input_char                       0x000086cd   Thumb Code    10  _printf_char_common.o(.text)
    .text                                    0x000086fc   Section      100  rt_memcpy_w.o(.text)
    .text                                    0x00008760   Section       74  sys_stackheap_outer.o(.text)
    .text                                    0x000087aa   Section        0  exit.o(.text)
    .text                                    0x000087bc   Section        0  sys_exit.o(.text)
    .constdata                               0x000087c8   Section     1520  asciilib.o(.constdata)
    AsciiLib                                 0x000087c8   Data        1520  asciilib.o(.constdata)
    .data                                    0x10000000   Section    14232  textures.o(.data)
    .data                                    0x2007c000   Section        5  system_lpc17xx.o(.data)
    .data                                    0x2007c005   Section        1  irq_timer.o(.data)
    .data                                    0x2007c006   Section        4  glcd.o(.data)
    LCD_Code                                 0x2007c006   Data           1  glcd.o(.data)
    back_color                               0x2007c008   Data           2  glcd.o(.data)
    .data                                    0x2007c00a   Section        3  logic.o(.data)
    .data                                    0x2007c010   Section        7  irq_rit.o(.data)
    last_key_pressed                         0x2007c016   Data           1  irq_rit.o(.data)
    .bss                                     0x2007c018   Section       96  libspace.o(.bss)
    HEAP                                     0x2007c078   Section        0  startup_lpc17xx.o(HEAP)
    STACK                                    0x2007c078   Section      512  startup_lpc17xx.o(STACK)
    Heap_Mem                                 0x2007c078   Data           0  startup_lpc17xx.o(HEAP)
    Stack_Mem                                0x2007c078   Data         512  startup_lpc17xx.o(STACK)
    __initial_sp                             0x2007c278   Data           0  startup_lpc17xx.o(STACK)

    Global Symbols

    Symbol Name                              Value     Ov Type        Size  Object(Section)

    BuildAttributes$$THM_ISAv4$P$D$K$B$S$PE$A:L22UL41UL21$X:L11$S22US41US21$IEEE1$IW$USESV6$~STKCKD$USESV7$~SHL$OSPACE$ROPI$EBA8$UX$STANDARDLIB$REQ8$PRES8$EABIv2 0x00000000   Number         0  anon$$obj.o ABSOLUTE
    __ARM_use_no_argv                        0x00000000   Number         0  sample.o ABSOLUTE
    __Vectors                                0x00000000   Data           4  startup_lpc17xx.o(RESET)
    __ARM_exceptions_init                     - Undefined Weak Reference
    __alloca_initialize                       - Undefined Weak Reference
    __arm_fini_                               - Undefined Weak Reference
    __arm_preinit_                            - Undefined Weak Reference
    __cpp_initialize__aeabi_                  - Undefined Weak Reference
    __cxa_finalize                            - Undefined Weak Reference
    __rt_locale                               - Undefined Weak Reference
    __sigvec_lookup                           - Undefined Weak Reference
    _atexit_init                              - Undefined Weak Reference
    _call_atexit_fns                          - Undefined Weak Reference
    _clock_init                               - Undefined Weak Reference
    _fp_trap_init                             - Undefined Weak Reference
    _fp_trap_shutdown                         - Undefined Weak Reference
    _get_lc_collate                           - Undefined Weak Reference
    _get_lc_ctype                             - Undefined Weak Reference
    _get_lc_monetary                          - Undefined Weak Reference
    _get_lc_numeric                           - Undefined Weak Reference
    _get_lc_time                              - Undefined Weak Reference
    _getenv_init                              - Undefined Weak Reference
    _handle_redirection                       - Undefined Weak Reference
    _init_alloc                               - Undefined Weak Reference
    _init_user_alloc                          - Undefined Weak Reference
    _initio                                   - Undefined Weak Reference
    _printf_post_padding                      - Undefined Weak Reference
    _printf_pre_padding                       - Undefined Weak Reference
    _printf_truncate_signed                   - Undefined Weak Reference
    _printf_truncate_unsigned                 - Undefined Weak Reference
    _rand_init                                - Undefined Weak Reference
    _signal_finish                            - Undefined Weak Reference
    _signal_init                              - Undefined Weak Reference
    _terminate_alloc                          - Undefined Weak Reference
    _terminate_user_alloc                     - Undefined Weak Reference
    _terminateio                              - Undefined Weak Reference
    __main                                   0x000000cd   Thumb Code     8  __main.o(!!!main)
    __scatterload                            0x000000d5   Thumb Code     0  __scatter.o(!!!scatter)
    __scatterload_rt2                        0x000000d5   Thumb Code    44  __scatter.o(!!!scatter)
    __scatterload_rt2_thumb_only             0x000000d5   Thumb Code     0  __scatter.o(!!!scatter)
    __scatterload_null                       0x000000e3   Thumb Code     0  __scatter.o(!!!scatter)
    __decompress                             0x00000109   Thumb Code   100  __dclz77c.o(!!dclz77c)
    __decompress2                            0x00000109   Thumb Code     0  __dclz77c.o(!!dclz77c)
    __scatterload_copy                       0x0000016d   Thumb Code    26  __scatter_copy.o(!!handler_copy)
    __scatterload_zeroinit                   0x00000189   Thumb Code    28  __scatter_zi.o(!!handler_zi)
    _printf_d                                0x000001a5   Thumb Code     0  _printf_d.o(.ARM.Collect$$_printf_percent$$00000009)
    _printf_percent                          0x000001a5   Thumb Code     0  _printf_percent.o(.ARM.Collect$$_printf_percent$$00000000)
    _printf_percent_end                      0x000001ab   Thumb Code     0  _printf_percent_end.o(.ARM.Collect$$_printf_percent$$00000017)
    __rt_lib_init                            0x000001af   Thumb Code     0  libinit.o(.ARM.Collect$$libinit$$00000000)
    __rt_lib_init_alloca_1                   0x000001b1   Thumb Code     0  libinit2.o(.ARM.Collect$$libinit$$0000002E)
    __rt_lib_init_argv_1                     0x000001b1   Thumb Code     0  libinit2.o(.ARM.Collect$$libinit$$0000002C)
    __rt_lib_init_atexit_1                   0x000001b1   Thumb Code     0  libinit2.o(.ARM.Collect$$libinit$$0000001B)
    __rt_lib_init_clock_1                    0x000001b1   Thumb Code     0  libinit2.o(.ARM.Collect$$libinit$$00000021)
    __rt_lib_init_cpp_1                      0x000001b1   Thumb Code     0  libinit2.o(.ARM.Collect$$libinit$$00000032)
    __rt_lib_init_exceptions_1               0x000001b1   Thumb Code     0  libinit2.o(.ARM.Collect$$libinit$$00000030)
    __rt_lib_init_fp_1                       0x000001b1   Thumb Code     0  libinit2.o(.ARM.Collect$$libinit$$00000002)
    __rt_lib_init_fp_trap_1                  0x000001b1   Thumb Code     0  libinit2.o(.ARM.Collect$$libinit$$0000001F)
    __rt_lib_init_getenv_1                   0x000001b1   Thumb Code     0  libinit2.o(.ARM.Collect$$libinit$$00000023)
    __rt_lib_init_heap_1                     0x000001b1   Thumb Code     0  libinit2.o(.ARM.Collect$$libinit$$0000000A)
    __rt_lib_init_lc_collate_1               0x000001b1   Thumb Code     0  libinit2.o(.ARM.Collect$$libinit$$00000011)
    __rt_lib_init_lc_ctype_1                 0x000001b1   Thumb Code     0  libinit2.o(.ARM.Collect$$libinit$$00000013)
    __rt_lib_init_lc_monetary_1              0x000001b1   Thumb Code     0  libinit2.o(.ARM.Collect$$libinit$$00000015)
    __rt_lib_init_lc_numeric_1               0x000001b1   Thumb Code     0  libinit2.o(.ARM.Collect$$libinit$$00000017)
    __rt_lib_init_lc_time_1                  0x000001b1   Thumb Code     0  libinit2.o(.ARM.Collect$$libinit$$00000019)
    __rt_lib_init_preinit_1                  0x000001b1   Thumb Code     0  libinit2.o(.ARM.Collect$$libinit$$00000004)
    __rt_lib_init_rand_1                     0x000001b1   Thumb Code     0  libinit2.o(.ARM.Collect$$libinit$$0000000E)
    __rt_lib_init_return                     0x000001b1   Thumb Code     0  libinit2.o(.ARM.Collect$$libinit$$00000033)
    __rt_lib_init_signal_1                   0x000001b1   Thumb Code     0  libinit2.o(.ARM.Collect$$libinit$$0000001D)
    __rt_lib_init_stdio_1                    0x000001b1   Thumb Code     0  libinit2.o(.ARM.Collect$$libinit$$00000025)
    __rt_lib_init_user_alloc_1               0x000001b1   Thumb Code     0  libinit2.o(.ARM.Collect$$libinit$$0000000C)
    __rt_lib_shutdown                        0x000001b3   Thumb Code     0  libshutdown.o(.ARM.Collect$$libshutdown$$00000000)
    __rt_lib_shutdown_cpp_1                  0x000001b5   Thumb Code     0  libshutdown2.o(.ARM.Collect$$libshutdown$$00000004)
    __rt_lib_shutdown_fini_1                 0x000001b5   Thumb Code     0  libshutdown2.o(.ARM.Collect$$libshutdown$$00000002)
    __rt_lib_shutdown_fp_trap_1              0x000001b5   Thumb Code     0  libshutdown2.o(.ARM.Collect$$libshutdown$$00000009)
    __rt_lib_shutdown_heap_1                 0x000001b5   Thumb Code     0  libshutdown2.o(.ARM.Collect$$libshutdown$$00000011)
    __rt_lib_shutdown_return                 0x000001b5   Thumb Code     0  libshutdown2.o(.ARM.Collect$$libshutdown$$00000012)
    __rt_lib_shutdown_signal_1               0x000001b5   Thumb Code     0  libshutdown2.o(.ARM.Collect$$libshutdown$$0000000C)
    __rt_lib_shutdown_stdio_1                0x000001b5   Thumb Code     0  libshutdown2.o(.ARM.Collect$$libshutdown$$00000006)
    __rt_lib_shutdown_user_alloc_1           0x000001b5   Thumb Code     0  libshutdown2.o(.ARM.Collect$$libshutdown$$0000000E)
    __rt_entry                               0x000001b7   Thumb Code     0  __rtentry.o(.ARM.Collect$$rtentry$$00000000)
    __rt_entry_presh_1                       0x000001b7   Thumb Code     0  __rtentry2.o(.ARM.Collect$$rtentry$$00000002)
    __rt_entry_sh                            0x000001b7   Thumb Code     0  __rtentry4.o(.ARM.Collect$$rtentry$$00000004)
    __rt_entry_li                            0x000001bd   Thumb Code     0  __rtentry2.o(.ARM.Collect$$rtentry$$0000000A)
    __rt_entry_postsh_1                      0x000001bd   Thumb Code     0  __rtentry2.o(.ARM.Collect$$rtentry$$00000009)
    __rt_entry_main                          0x000001c1   Thumb Code     0  __rtentry2.o(.ARM.Collect$$rtentry$$0000000D)
    __rt_entry_postli_1                      0x000001c1   Thumb Code     0  __rtentry2.o(.ARM.Collect$$rtentry$$0000000C)
    __rt_exit                                0x000001c9   Thumb Code     0  rtexit.o(.ARM.Collect$$rtexit$$00000000)
    __rt_exit_ls                             0x000001cb   Thumb Code     0  rtexit2.o(.ARM.Collect$$rtexit$$00000003)
    __rt_exit_prels_1                        0x000001cb   Thumb Code     0  rtexit2.o(.ARM.Collect$$rtexit$$00000002)
    __rt_exit_exit                           0x000001cf   Thumb Code     0  rtexit2.o(.ARM.Collect$$rtexit$$00000004)
    Reset_Handler                            0x000001d5   Thumb Code     4  startup_lpc17xx.o(.text)
    NMI_Handler                              0x000001d9   Thumb Code     2  startup_lpc17xx.o(.text)
    HardFault_Handler                        0x000001db   Thumb Code     2  startup_lpc17xx.o(.text)
    MemManage_Handler                        0x000001dd   Thumb Code     2  startup_lpc17xx.o(.text)
    BusFault_Handler                         0x000001df   Thumb Code     2  startup_lpc17xx.o(.text)
    UsageFault_Handler                       0x000001e1   Thumb Code     2  startup_lpc17xx.o(.text)
    SVC_Handler                              0x000001e3   Thumb Code     2  startup_lpc17xx.o(.text)
    DebugMon_Handler                         0x000001e5   Thumb Code     2  startup_lpc17xx.o(.text)
    PendSV_Handler                           0x000001e7   Thumb Code     2  startup_lpc17xx.o(.text)
    SysTick_Handler                          0x000001e9   Thumb Code     2  startup_lpc17xx.o(.text)
    ADC_IRQHandler                           0x000001eb   Thumb Code     0  startup_lpc17xx.o(.text)
    BOD_IRQHandler                           0x000001eb   Thumb Code     0  startup_lpc17xx.o(.text)
    CANActivity_IRQHandler                   0x000001eb   Thumb Code     0  startup_lpc17xx.o(.text)
    CAN_IRQHandler                           0x000001eb   Thumb Code     0  startup_lpc17xx.o(.text)
    DMA_IRQHandler                           0x000001eb   Thumb Code     0  startup_lpc17xx.o(.text)
    EINT0_IRQHandler                         0x000001eb   Thumb Code     0  startup_lpc17xx.o(.text)
    EINT1_IRQHandler                         0x000001eb   Thumb Code     0  startup_lpc17xx.o(.text)
    EINT2_IRQHandler                         0x000001eb   Thumb Code     0  startup_lpc17xx.o(.text)
    EINT3_IRQHandler                         0x000001eb   Thumb Code     0  startup_lpc17xx.o(.text)
    ENET_IRQHandler                          0x000001eb   Thumb Code     0  startup_lpc17xx.o(.text)
    I2C0_IRQHandler                          0x000001eb   Thumb Code     0  startup_lpc17xx.o(.text)
    I2C1_IRQHandler                          0x000001eb   Thumb Code     0  startup_lpc17xx.o(.text)
    I2C2_IRQHandler                          0x000001eb   Thumb Code     0  startup_lpc17xx.o(.text)
    I2S_IRQHandler                           0x000001eb   Thumb Code     0  startup_lpc17xx.o(.text)
    MCPWM_IRQHandler                         0x000001eb   Thumb Code     0  startup_lpc17xx.o(.text)
    PLL0_IRQHandler                          0x000001eb   Thumb Code     0  startup_lpc17xx.o(.text)
    PLL1_IRQHandler                          0x000001eb   Thumb Code     0  startup_lpc17xx.o(.text)
    PWM1_IRQHandler                          0x000001eb   Thumb Code     0  startup_lpc17xx.o(.text)
    QEI_IRQHandler                           0x000001eb   Thumb Code     0  startup_lpc17xx.o(.text)
    RTC_IRQHandler                           0x000001eb   Thumb Code     0  startup_lpc17xx.o(.text)
    SPI_IRQHandler                           0x000001eb   Thumb Code     0  startup_lpc17xx.o(.text)
    SSP0_IRQHandler                          0x000001eb   Thumb Code     0  startup_lpc17xx.o(.text)
    SSP1_IRQHandler                          0x000001eb   Thumb Code     0  startup_lpc17xx.o(.text)
    TIMER2_IRQHandler                        0x000001eb   Thumb Code     0  startup_lpc17xx.o(.text)
    TIMER3_IRQHandler                        0x000001eb   Thumb Code     0  startup_lpc17xx.o(.text)
    UART0_IRQHandler                         0x000001eb   Thumb Code     0  startup_lpc17xx.o(.text)
    UART1_IRQHandler                         0x000001eb   Thumb Code     0  startup_lpc17xx.o(.text)
    UART2_IRQHandler                         0x000001eb   Thumb Code     0  startup_lpc17xx.o(.text)
    UART3_IRQHandler                         0x000001eb   Thumb Code     0  startup_lpc17xx.o(.text)
    USBActivity_IRQHandler                   0x000001eb   Thumb Code     0  startup_lpc17xx.o(.text)
    USB_IRQHandler                           0x000001eb   Thumb Code     0  startup_lpc17xx.o(.text)
    WDT_IRQHandler                           0x000001eb   Thumb Code     0  startup_lpc17xx.o(.text)
    __user_initial_stackheap                 0x000001ed   Thumb Code     0  startup_lpc17xx.o(.text)
    main                                     0x00000229   Thumb Code   126  sample.o(.text)
    GetASCIICode                             0x000002c1   Thumb Code    26  asciilib.o(.text)
    __use_two_region_memory                  0x000002e1   Thumb Code     2  heapauxi.o(.text)
    __rt_heap_escrow$2region                 0x000002e3   Thumb Code     2  heapauxi.o(.text)
    __rt_heap_expand$2region                 0x000002e5   Thumb Code     2  heapauxi.o(.text)
    _sputc                                   0x000002e7   Thumb Code    10  _sputc.o(.text)
    __user_libspace                          0x000002f1   Thumb Code     8  libspace.o(.text)
    __user_perproc_libspace                  0x000002f1   Thumb Code     0  libspace.o(.text)
    __user_perthread_libspace                0x000002f1   Thumb Code     0  libspace.o(.text)
    __I$use$semihosting                      0x000002f9   Thumb Code     0  use_no_semi.o(.text)
    __use_no_semihosting_swi                 0x000002f9   Thumb Code     2  use_no_semi.o(.text)
    __semihosting_library_function           0x000002fb   Thumb Code     0  indicate_semi.o(.text)
    SystemInit                               0x00000301   Thumb Code   552  system_lpc17xx.o(.text)
    TIMER0_IRQHandler                        0x0000054d   Thumb Code   160  irq_timer.o(.text)
    TIMER1_IRQHandler                        0x000005ed   Thumb Code    54  irq_timer.o(.text)
    enable_timer                             0x0000065b   Thumb Code    20  lib_timer.o(.text)
    disable_timer                            0x0000066f   Thumb Code    20  lib_timer.o(.text)
    reset_timer                              0x00000683   Thumb Code    30  lib_timer.o(.text)
    init_timer                               0x000006a1   Thumb Code    60  lib_timer.o(.text)
    wait                                     0x00000c6b   Thumb Code     4  glcd.o(.text)
    LCD_WritePixel                           0x00000c6f   Thumb Code    64  glcd.o(.text)
    LCD_WriteCommand                         0x00000caf   Thumb Code    74  glcd.o(.text)
    LCD_ClearWindow                          0x00000cf9   Thumb Code   682  glcd.o(.text)
    LCD_Clear                                0x00000fa3   Thumb Code  1384  glcd.o(.text)
    LCD_SetBackground                        0x0000150b   Thumb Code    16  glcd.o(.text)
    LCD_Initialization                       0x0000151b   Thumb Code 20218  glcd.o(.text)
    LCD_GetPoint                             0x0000642f   Thumb Code   984  glcd.o(.text)
    LCD_SetPoint                             0x00006807   Thumb Code   216  glcd.o(.text)
    LCD_DrawLine                             0x000068df   Thumb Code   250  glcd.o(.text)
    PutChar                                  0x000069d9   Thumb Code   100  glcd.o(.text)
    PutCharHorizontal                        0x00006a3d   Thumb Code   100  glcd.o(.text)
    GUI_Text                                 0x00006aa1   Thumb Code    80  glcd.o(.text)
    LCD_SetWindow                            0x00006af1   Thumb Code  1080  glcd.o(.text)
    LCD_SetOrientation                       0x00006f29   Thumb Code   378  glcd.o(.text)
    pixel                                    0x000070a3   Thumb Code   132  glcd.o(.text)
    LCD_DrawCircle                           0x00007127   Thumb Code    94  glcd.o(.text)
    LCD_DrawRectangle                        0x00007185   Thumb Code    58  glcd.o(.text)
    LCD_Darken                               0x000071bf   Thumb Code   310  glcd.o(.text)
    LCD_GetPixel                             0x000072f5   Thumb Code   208  glcd.o(.text)
    LCD_GetBackground                        0x000073c5   Thumb Code     6  glcd.o(.text)
    drawTextureByLine                        0x000073d5   Thumb Code   110  textures.o(.text)
    eraseTextureByLine                       0x00007443   Thumb Code   108  textures.o(.text)
    updateTextureByLine                      0x000074af   Thumb Code   402  textures.o(.text)
    idle                                     0x00007641   Thumb Code   310  textures.o(.text)
    walkAndEat                               0x00007777   Thumb Code  1178  textures.o(.text)
    drawMenu                                 0x00007c11   Thumb Code   220  textures.o(.text)
    hoverSnack                               0x00007ced   Thumb Code   168  textures.o(.text)
    hoverMeal                                0x00007d95   Thumb Code   164  textures.o(.text)
    drawTime                                 0x00007e39   Thumb Code    46  textures.o(.text)
    drawStat                                 0x00007e67   Thumb Code   230  textures.o(.text)
    decreaseHappiness                        0x00007f4d   Thumb Code    64  textures.o(.text)
    increaseHappiness                        0x00007f8d   Thumb Code    52  textures.o(.text)
    decreaseSatiety                          0x00007fc1   Thumb Code    64  textures.o(.text)
    increaseSatiety                          0x00008001   Thumb Code    52  textures.o(.text)
    drawGameOver                             0x00008035   Thumb Code    52  textures.o(.text)
    textureInit                              0x00008069   Thumb Code   140  textures.o(.text)
    updateTimeString                         0x00008169   Thumb Code   112  logic.o(.text)
    logicInit                                0x000081d9   Thumb Code    34  logic.o(.text)
    decreaseStat                             0x000081fb   Thumb Code    42  logic.o(.text)
    increaseStat                             0x00008225   Thumb Code    58  logic.o(.text)
    increaseTime                             0x0000825f   Thumb Code    52  logic.o(.text)
    isDead                                   0x00008293   Thumb Code    20  logic.o(.text)
    eatMeal                                  0x000082a7   Thumb Code    20  logic.o(.text)
    eatSnack                                 0x000082bb   Thumb Code    20  logic.o(.text)
    joystick_init                            0x000082ed   Thumb Code    26  lib_joystick.o(.text)
    enable_RIT                               0x00008311   Thumb Code    14  lib_rit.o(.text)
    disable_RIT                              0x0000831f   Thumb Code    14  lib_rit.o(.text)
    reset_RIT                                0x0000832d   Thumb Code     8  lib_rit.o(.text)
    init_RIT                                 0x00008335   Thumb Code    98  lib_rit.o(.text)
    RIT_IRQHandler                           0x000083a5   Thumb Code   206  irq_rit.o(.text)
    __2sprintf                               0x00008489   Thumb Code    34  noretval__2sprintf.o(.text)
    __printf                                 0x000084b1   Thumb Code   104  __printf.o(.text)
    _printf_int_dec                          0x00008519   Thumb Code   104  _printf_dec.o(.text)
    __aeabi_memcpy                           0x00008591   Thumb Code     0  rt_memcpy_v6.o(.text)
    __rt_memcpy                              0x00008591   Thumb Code   138  rt_memcpy_v6.o(.text)
    _memcpy_lastbytes                        0x000085f7   Thumb Code     0  rt_memcpy_v6.o(.text)
    _printf_int_common                       0x0000861b   Thumb Code   178  _printf_intcommon.o(.text)
    _printf_char_common                      0x000086d7   Thumb Code    32  _printf_char_common.o(.text)
    __aeabi_memcpy4                          0x000086fd   Thumb Code     0  rt_memcpy_w.o(.text)
    __aeabi_memcpy8                          0x000086fd   Thumb Code     0  rt_memcpy_w.o(.text)
    __rt_memcpy_w                            0x000086fd   Thumb Code   100  rt_memcpy_w.o(.text)
    _memcpy_lastbytes_aligned                0x00008745   Thumb Code     0  rt_memcpy_w.o(.text)
    __user_setup_stackheap                   0x00008761   Thumb Code    74  sys_stackheap_outer.o(.text)
    exit                                     0x000087ab   Thumb Code    18  exit.o(.text)
    _sys_exit                                0x000087bd   Thumb Code     8  sys_exit.o(.text)
    Region$$Table$$Base                      0x00008db8   Number         0  anon$$obj.o(Region$$Table)
    Region$$Table$$Limit                     0x00008de8   Number         0  anon$$obj.o(Region$$Table)
    idleHeight                               0x10000000   Data           2  textures.o(.data)
    idleWidth                                0x10000002   Data           2  textures.o(.data)
    idleStatHeight                           0x10000004   Data           2  textures.o(.data)
    idleStatLength                           0x10000006   Data           2  textures.o(.data)
    idleStaticLines                          0x10000008   Data        1240  textures.o(.data)
    idle01Height                             0x100004e0   Data           2  textures.o(.data)
    idle01Length                             0x100004e2   Data           2  textures.o(.data)
    idle01Lines                              0x100004e4   Data        2060  textures.o(.data)
    idle02Height                             0x10000cf0   Data           2  textures.o(.data)
    idle02Length                             0x10000cf2   Data           2  textures.o(.data)
    idle02Lines                              0x10000cf4   Data        1780  textures.o(.data)
    walkStaticHeight                         0x100013e8   Data           2  textures.o(.data)
    walkStaticLength                         0x100013ea   Data           2  textures.o(.data)
    walkStaticLines                          0x100013ec   Data        2540  textures.o(.data)
    walk01Height                             0x10001dd8   Data           2  textures.o(.data)
    walk01Length                             0x10001dda   Data           2  textures.o(.data)
    walk01Lines                              0x10001ddc   Data         700  textures.o(.data)
    walk02Height                             0x10002098   Data           2  textures.o(.data)
    walk02Length                             0x1000209a   Data           2  textures.o(.data)
    walk02Lines                              0x1000209c   Data         760  textures.o(.data)
    eatWidth                                 0x10002394   Data           2  textures.o(.data)
    eatHeight                                0x10002396   Data           2  textures.o(.data)
    eatStaticLength                          0x10002398   Data           2  textures.o(.data)
    eatStaticLines                           0x1000239a   Data        2840  textures.o(.data)
    eat01Length                              0x10002eb2   Data           2  textures.o(.data)
    eat01Lines                               0x10002eb4   Data         640  textures.o(.data)
    eat02Length                              0x10003134   Data           2  textures.o(.data)
    eat02Lines                               0x10003136   Data         640  textures.o(.data)
    xDistance                                0x100033b6   Data           2  textures.o(.data)
    yDistance                                0x100033b8   Data           2  textures.o(.data)
    xOffset                                  0x100033ba   Data           2  textures.o(.data)
    dim                                      0x100033bc   Data           2  textures.o(.data)
    happinessLength                          0x100033be   Data           2  textures.o(.data)
    happinessLines                           0x100033c0   Data         520  textures.o(.data)
    satietyLength                            0x100035c8   Data           2  textures.o(.data)
    satietyLines                             0x100035ca   Data         450  textures.o(.data)
    timeString                               0x1000378c   Data           8  textures.o(.data)
    satiety                                  0x10003794   Data           1  textures.o(.data)
    happiness                                0x10003795   Data           1  textures.o(.data)
    idleStat                                 0x10003796   Data           1  textures.o(.data)
    idleStart                                0x10003797   Data           1  textures.o(.data)
    SystemFrequency                          0x2007c000   Data           4  system_lpc17xx.o(.data)
    ScaleFlag                                0x2007c004   Data           1  system_lpc17xx.o(.data)
    decrCount                                0x2007c005   Data           1  irq_timer.o(.data)
    t                                        0x2007c00a   Data           3  logic.o(.data)
    down                                     0x2007c010   Data           4  irq_rit.o(.data)
    animation                                0x2007c014   Data           1  irq_rit.o(.data)
    canReplay                                0x2007c015   Data           1  irq_rit.o(.data)
    __libspace_start                         0x2007c018   Data          96  libspace.o(.bss)
    __temporary_stack_top$libspace           0x2007c078   Data           0  libspace.o(.bss)



==============================================================================

Memory Map of the image

  Image Entry point : 0x000000cd

  Load Region LR_IROM1 (Base: 0x00000000, Size: 0x0000c598, Max: 0x00080000, ABSOLUTE, COMPRESSED[0x0000a79c])

    Execution Region ER_IROM1 (Exec base: 0x00000000, Load base: 0x00000000, Size: 0x00008de8, Max: 0x00080000, ABSOLUTE)

    Exec Addr    Load Addr    Size         Type   Attr      Idx    E Section Name        Object

    0x00000000   0x00000000   0x000000cc   Data   RO            3    RESET               startup_lpc17xx.o
    0x000000cc   0x000000cc   0x00000008   Code   RO          534  * !!!main             c_w.l(__main.o)
    0x000000d4   0x000000d4   0x00000034   Code   RO          737    !!!scatter          c_w.l(__scatter.o)
    0x00000108   0x00000108   0x00000064   Code   RO          735    !!dclz77c           c_w.l(__dclz77c.o)
    0x0000016c   0x0000016c   0x0000001a   Code   RO          739    !!handler_copy      c_w.l(__scatter_copy.o)
    0x00000186   0x00000186   0x00000002   PAD
    0x00000188   0x00000188   0x0000001c   Code   RO          741    !!handler_zi        c_w.l(__scatter_zi.o)
    0x000001a4   0x000001a4   0x00000000   Code   RO          527    .ARM.Collect$$_printf_percent$$00000000  c_w.l(_printf_percent.o)
    0x000001a4   0x000001a4   0x00000006   Code   RO          526    .ARM.Collect$$_printf_percent$$00000009  c_w.l(_printf_d.o)
    0x000001aa   0x000001aa   0x00000004   Code   RO          567    .ARM.Collect$$_printf_percent$$00000017  c_w.l(_printf_percent_end.o)
    0x000001ae   0x000001ae   0x00000002   Code   RO          603    .ARM.Collect$$libinit$$00000000  c_w.l(libinit.o)
    0x000001b0   0x000001b0   0x00000000   Code   RO          610    .ARM.Collect$$libinit$$00000002  c_w.l(libinit2.o)
    0x000001b0   0x000001b0   0x00000000   Code   RO          612    .ARM.Collect$$libinit$$00000004  c_w.l(libinit2.o)
    0x000001b0   0x000001b0   0x00000000   Code   RO          615    .ARM.Collect$$libinit$$0000000A  c_w.l(libinit2.o)
    0x000001b0   0x000001b0   0x00000000   Code   RO          617    .ARM.Collect$$libinit$$0000000C  c_w.l(libinit2.o)
    0x000001b0   0x000001b0   0x00000000   Code   RO          619    .ARM.Collect$$libinit$$0000000E  c_w.l(libinit2.o)
    0x000001b0   0x000001b0   0x00000000   Code   RO          622    .ARM.Collect$$libinit$$00000011  c_w.l(libinit2.o)
    0x000001b0   0x000001b0   0x00000000   Code   RO          624    .ARM.Collect$$libinit$$00000013  c_w.l(libinit2.o)
    0x000001b0   0x000001b0   0x00000000   Code   RO          626    .ARM.Collect$$libinit$$00000015  c_w.l(libinit2.o)
    0x000001b0   0x000001b0   0x00000000   Code   RO          628    .ARM.Collect$$libinit$$00000017  c_w.l(libinit2.o)
    0x000001b0   0x000001b0   0x00000000   Code   RO          630    .ARM.Collect$$libinit$$00000019  c_w.l(libinit2.o)
    0x000001b0   0x000001b0   0x00000000   Code   RO          632    .ARM.Collect$$libinit$$0000001B  c_w.l(libinit2.o)
    0x000001b0   0x000001b0   0x00000000   Code   RO          634    .ARM.Collect$$libinit$$0000001D  c_w.l(libinit2.o)
    0x000001b0   0x000001b0   0x00000000   Code   RO          636    .ARM.Collect$$libinit$$0000001F  c_w.l(libinit2.o)
    0x000001b0   0x000001b0   0x00000000   Code   RO          638    .ARM.Collect$$libinit$$00000021  c_w.l(libinit2.o)
    0x000001b0   0x000001b0   0x00000000   Code   RO          640    .ARM.Collect$$libinit$$00000023  c_w.l(libinit2.o)
    0x000001b0   0x000001b0   0x00000000   Code   RO          642    .ARM.Collect$$libinit$$00000025  c_w.l(libinit2.o)
    0x000001b0   0x000001b0   0x00000000   Code   RO          646    .ARM.Collect$$libinit$$0000002C  c_w.l(libinit2.o)
    0x000001b0   0x000001b0   0x00000000   Code   RO          648    .ARM.Collect$$libinit$$0000002E  c_w.l(libinit2.o)
    0x000001b0   0x000001b0   0x00000000   Code   RO          650    .ARM.Collect$$libinit$$00000030  c_w.l(libinit2.o)
    0x000001b0   0x000001b0   0x00000000   Code   RO          652    .ARM.Collect$$libinit$$00000032  c_w.l(libinit2.o)
    0x000001b0   0x000001b0   0x00000002   Code   RO          653    .ARM.Collect$$libinit$$00000033  c_w.l(libinit2.o)
    0x000001b2   0x000001b2   0x00000002   Code   RO          673    .ARM.Collect$$libshutdown$$00000000  c_w.l(libshutdown.o)
    0x000001b4   0x000001b4   0x00000000   Code   RO          686    .ARM.Collect$$libshutdown$$00000002  c_w.l(libshutdown2.o)
    0x000001b4   0x000001b4   0x00000000   Code   RO          688    .ARM.Collect$$libshutdown$$00000004  c_w.l(libshutdown2.o)
    0x000001b4   0x000001b4   0x00000000   Code   RO          690    .ARM.Collect$$libshutdown$$00000006  c_w.l(libshutdown2.o)
    0x000001b4   0x000001b4   0x00000000   Code   RO          693    .ARM.Collect$$libshutdown$$00000009  c_w.l(libshutdown2.o)
    0x000001b4   0x000001b4   0x00000000   Code   RO          696    .ARM.Collect$$libshutdown$$0000000C  c_w.l(libshutdown2.o)
    0x000001b4   0x000001b4   0x00000000   Code   RO          698    .ARM.Collect$$libshutdown$$0000000E  c_w.l(libshutdown2.o)
    0x000001b4   0x000001b4   0x00000000   Code   RO          701    .ARM.Collect$$libshutdown$$00000011  c_w.l(libshutdown2.o)
    0x000001b4   0x000001b4   0x00000002   Code   RO          702    .ARM.Collect$$libshutdown$$00000012  c_w.l(libshutdown2.o)
    0x000001b6   0x000001b6   0x00000000   Code   RO          560    .ARM.Collect$$rtentry$$00000000  c_w.l(__rtentry.o)
    0x000001b6   0x000001b6   0x00000000   Code   RO          578    .ARM.Collect$$rtentry$$00000002  c_w.l(__rtentry2.o)
    0x000001b6   0x000001b6   0x00000006   Code   RO          590    .ARM.Collect$$rtentry$$00000004  c_w.l(__rtentry4.o)
    0x000001bc   0x000001bc   0x00000000   Code   RO          580    .ARM.Collect$$rtentry$$00000009  c_w.l(__rtentry2.o)
    0x000001bc   0x000001bc   0x00000004   Code   RO          581    .ARM.Collect$$rtentry$$0000000A  c_w.l(__rtentry2.o)
    0x000001c0   0x000001c0   0x00000000   Code   RO          583    .ARM.Collect$$rtentry$$0000000C  c_w.l(__rtentry2.o)
    0x000001c0   0x000001c0   0x00000008   Code   RO          584    .ARM.Collect$$rtentry$$0000000D  c_w.l(__rtentry2.o)
    0x000001c8   0x000001c8   0x00000002   Code   RO          607    .ARM.Collect$$rtexit$$00000000  c_w.l(rtexit.o)
    0x000001ca   0x000001ca   0x00000000   Code   RO          655    .ARM.Collect$$rtexit$$00000002  c_w.l(rtexit2.o)
    0x000001ca   0x000001ca   0x00000004   Code   RO          656    .ARM.Collect$$rtexit$$00000003  c_w.l(rtexit2.o)
    0x000001ce   0x000001ce   0x00000006   Code   RO          657    .ARM.Collect$$rtexit$$00000004  c_w.l(rtexit2.o)
    0x000001d4   0x000001d4   0x00000034   Code   RO            5    .text               startup_lpc17xx.o
    0x00000208   0x00000208   0x000000b8   Code   RO           16    .text               sample.o
    0x000002c0   0x000002c0   0x00000020   Code   RO          214    .text               asciilib.o
    0x000002e0   0x000002e0   0x00000006   Code   RO          532    .text               c_w.l(heapauxi.o)
    0x000002e6   0x000002e6   0x0000000a   Code   RO          565    .text               c_w.l(_sputc.o)
    0x000002f0   0x000002f0   0x00000008   Code   RO          604    .text               c_w.l(libspace.o)
    0x000002f8   0x000002f8   0x00000002   Code   RO          676    .text               c_w.l(use_no_semi.o)
    0x000002fa   0x000002fa   0x00000000   Code   RO          678    .text               c_w.l(indicate_semi.o)
    0x000002fa   0x000002fa   0x00000002   PAD
    0x000002fc   0x000002fc   0x00000004   Code   RO            4    .ARM.__at_0x02FC    startup_lpc17xx.o
    0x00000300   0x00000300   0x0000024c   Code   RO           99    .text               system_lpc17xx.o
    0x0000054c   0x0000054c   0x000000ec   Code   RO          130    .text               irq_timer.o
    0x00000638   0x00000638   0x000000a8   Code   RO          189    .text               lib_timer.o
    0x000006e0   0x000006e0   0x00006cf4   Code   RO          234    .text               glcd.o
    0x000073d4   0x000073d4   0x00000d94   Code   RO          314    .text               textures.o
    0x00008168   0x00008168   0x00000184   Code   RO          349    .text               logic.o
    0x000082ec   0x000082ec   0x00000024   Code   RO          378    .text               lib_joystick.o
    0x00008310   0x00008310   0x00000094   Code   RO          430    .text               lib_rit.o
    0x000083a4   0x000083a4   0x000000e4   Code   RO          461    .text               irq_rit.o
    0x00008488   0x00008488   0x00000028   Code   RO          500    .text               c_w.l(noretval__2sprintf.o)
    0x000084b0   0x000084b0   0x00000068   Code   RO          502    .text               c_w.l(__printf.o)
    0x00008518   0x00008518   0x00000078   Code   RO          504    .text               c_w.l(_printf_dec.o)
    0x00008590   0x00008590   0x0000008a   Code   RO          528    .text               c_w.l(rt_memcpy_v6.o)
    0x0000861a   0x0000861a   0x000000b2   Code   RO          561    .text               c_w.l(_printf_intcommon.o)
    0x000086cc   0x000086cc   0x00000030   Code   RO          563    .text               c_w.l(_printf_char_common.o)
    0x000086fc   0x000086fc   0x00000064   Code   RO          568    .text               c_w.l(rt_memcpy_w.o)
    0x00008760   0x00008760   0x0000004a   Code   RO          594    .text               c_w.l(sys_stackheap_outer.o)
    0x000087aa   0x000087aa   0x00000012   Code   RO          596    .text               c_w.l(exit.o)
    0x000087bc   0x000087bc   0x0000000c   Code   RO          665    .text               c_w.l(sys_exit.o)
    0x000087c8   0x000087c8   0x000005f0   Data   RO          215    .constdata          asciilib.o
    0x00008db8   0x00008db8   0x00000030   Data   RO          733    Region$$Table       anon$$obj.o


    Execution Region RW_IRAM1 (Exec base: 0x10000000, Load base: 0x00008de8, Size: 0x00003798, Max: 0x00008000, ABSOLUTE, COMPRESSED[0x0000199c])

    Exec Addr    Load Addr    Size         Type   Attr      Idx    E Section Name        Object

    0x10000000   COMPRESSED   0x00003798   Data   RW          315    .data               textures.o


    Execution Region RW_IRAM2 (Exec base: 0x2007c000, Load base: 0x0000a784, Size: 0x00000278, Max: 0x00008000, ABSOLUTE)

    Exec Addr    Load Addr    Size         Type   Attr      Idx    E Section Name        Object

    0x2007c000   0x0000a784   0x00000005   Data   RW          100    .data               system_lpc17xx.o
    0x2007c005   0x0000a789   0x00000001   Data   RW          131    .data               irq_timer.o
    0x2007c006   0x0000a78a   0x00000004   Data   RW          235    .data               glcd.o
    0x2007c00a   0x0000a78e   0x00000003   Data   RW          350    .data               logic.o
    0x2007c00d   0x0000a791   0x00000003   PAD
    0x2007c010   0x0000a794   0x00000007   Data   RW          462    .data               irq_rit.o
    0x2007c017   0x0000a79b   0x00000001   PAD
    0x2007c018        -       0x00000060   Zero   RW          605    .bss                c_w.l(libspace.o)
    0x2007c078        -       0x00000000   Zero   RW            2    HEAP                startup_lpc17xx.o
    0x2007c078        -       0x00000200   Zero   RW            1    STACK               startup_lpc17xx.o


==============================================================================

Image component sizes


      Code (inc. data)   RO Data    RW Data    ZI Data      Debug   Object Name

        32          6       1520          0          0        995   asciilib.o
     27892        166          0          4          0      67678   glcd.o
       228         22          0          7          0        876   irq_rit.o
       236         22          0          1          0      44525   irq_timer.o
        36         10          0          0          0        416   lib_joystick.o
       148         14          0          0          0      27455   lib_rit.o
       168          4          0          0          0       1388   lib_timer.o
       388         30          0          3          0       2236   logic.o
       184         26          0          0          0      22163   sample.o
        56         22        204          0        512        984   startup_lpc17xx.o
       588         36          0          5          0        885   system_lpc17xx.o
      3476        332          0      14232          0       7765   textures.o

    ----------------------------------------------------------------------
     33432        690       1772      14256        512     177366   Object Totals
         0          0         48          0          0          0   (incl. Generated)
         0          0          0          4          0          0   (incl. Padding)

    ----------------------------------------------------------------------

      Code (inc. data)   RO Data    RW Data    ZI Data      Debug   Library Member Name

       100          0          0          0          0          0   __dclz77c.o
         8          0          0          0          0         68   __main.o
       104          0          0          0          0         84   __printf.o
         0          0          0          0          0          0   __rtentry.o
        12          0          0          0          0          0   __rtentry2.o
         6          0          0          0          0          0   __rtentry4.o
        52          8          0          0          0          0   __scatter.o
        26          0          0          0          0          0   __scatter_copy.o
        28          0          0          0          0          0   __scatter_zi.o
        48          6          0          0          0         96   _printf_char_common.o
         6          0          0          0          0          0   _printf_d.o
       120         16          0          0          0         92   _printf_dec.o
       178          0          0          0          0         88   _printf_intcommon.o
         0          0          0          0          0          0   _printf_percent.o
         4          0          0          0          0          0   _printf_percent_end.o
        10          0          0          0          0         68   _sputc.o
        18          0          0          0          0         80   exit.o
         6          0          0          0          0        152   heapauxi.o
         0          0          0          0          0          0   indicate_semi.o
         2          0          0          0          0          0   libinit.o
         2          0          0          0          0          0   libinit2.o
         2          0          0          0          0          0   libshutdown.o
         2          0          0          0          0          0   libshutdown2.o
         8          4          0          0         96         68   libspace.o
        40          6          0          0          0         84   noretval__2sprintf.o
       138          0          0          0          0         68   rt_memcpy_v6.o
       100          0          0          0          0         80   rt_memcpy_w.o
         2          0          0          0          0          0   rtexit.o
        10          0          0          0          0          0   rtexit2.o
        12          4          0          0          0         68   sys_exit.o
        74          0          0          0          0         80   sys_stackheap_outer.o
         2          0          0          0          0         68   use_no_semi.o

    ----------------------------------------------------------------------
      1124         44          0          0         96       1244   Library Totals
         4          0          0          0          0          0   (incl. Padding)

    ----------------------------------------------------------------------

      Code (inc. data)   RO Data    RW Data    ZI Data      Debug   Library Name

      1120         44          0          0         96       1244   c_w.l

    ----------------------------------------------------------------------
      1124         44          0          0         96       1244   Library Totals

    ----------------------------------------------------------------------

==============================================================================


      Code (inc. data)   RO Data    RW Data    ZI Data      Debug   

     34556        734       1772      14256        608     177426   Grand Totals
     34556        734       1772       6580        608     177426   ELF Image Totals (compressed)
     34556        734       1772       6580          0          0   ROM Totals

==============================================================================

    Total RO  Size (Code + RO Data)                36328 (  35.48kB)
    Total RW  Size (RW Data + ZI Data)             14864 (  14.52kB)
    Total ROM Size (Code + RO Data + RW Data)      42908 (  41.90kB)

==============================================================================

