<html>
<body>
<pre>
<h1>µVision Build Log</h1>
<h2>Tool Versions:</h2>
IDE-Version: µVision V5.36.0.0
Copyright (C) 2021 ARM Ltd and ARM Germany GmbH. All rights reserved.
License Information: claudio none none Flex license: MDK Professional 5.36 (Flex) (mdk_pro) Operation stops: 10 Mar 2024
 
Tool Versions:
Toolchain:       MDK Professional 5.36 (Flex)  Version: 5.36.0.0
Toolchain Path:  C:\Keil_v5\ARM\ARMCC\Bin
C Compiler:      Armcc.exe V5.06 update 7 (build 960)
Assembler:       Armasm.exe V5.06 update 7 (build 960)
Linker/Locator:  ArmLink.exe V5.06 update 7 (build 960)
Library Manager: ArmAr.exe V5.06 update 7 (build 960)
Hex Converter:   FromElf.exe V5.06 update 7 (build 960)
CPU DLL:         SARMCM3.DLL V5.36.0.0
Dialog DLL:      DARMP1.DLL V1.27.0.0
Target DLL:      UL2CM3.DLL V1.164.0.0
Dialog DLL:      TARMP1.DLL V1.26.0.0
 
<h2>Project:</h2>
C:\Users\claudio\Desktop\EP1\12_sample_GLCD_TP\sample.uvprojx
Project File Date:  01/09/2023

<h2>Output:</h2>
*** Using Compiler 'V5.06 update 7 (build 960)', folder: 'C:\Keil_v5\ARM\ARMCC\Bin'
Rebuild target 'Target 1'
assembling startup_LPC17xx.s...
compiling core_cm3.c...
compiling system_LPC17xx.c...
compiling IRQ_timer.c...
timer\../render/textures.h(6): warning:  #1295-D: Deprecated declaration render - give arg types
  void render();
timer\../render/textures.h(7): warning:  #1295-D: Deprecated declaration idle - give arg types
  void idle();
timer\../render/textures.h(9): warning:  #1295-D: Deprecated declaration drawMenu - give arg types
  void drawMenu();
timer\../render/textures.h(12): warning:  #1295-D: Deprecated declaration drawTime - give arg types
  void drawTime();
timer\../render/textures.h(13): warning:  #1295-D: Deprecated declaration decreaseSatiety - give arg types
  void decreaseSatiety();
timer\../render/textures.h(14): warning:  #1295-D: Deprecated declaration increaseSatiety - give arg types
  void increaseSatiety();
timer\../render/textures.h(15): warning:  #1295-D: Deprecated declaration decreaseHappiness - give arg types
  void decreaseHappiness();
timer\../render/textures.h(16): warning:  #1295-D: Deprecated declaration increaseHappiness - give arg types
  void increaseHappiness();
timer\../render/textures.h(17): warning:  #1295-D: Deprecated declaration drawGameOver - give arg types
  void drawGameOver();
timer\../render/textures.h(18): warning:  #1295-D: Deprecated declaration textureInit - give arg types
  void textureInit();
timer\../logic/logic.h(8): warning:  #1295-D: Deprecated declaration logicInit - give arg types
  void logicInit();
timer\../logic/logic.h(11): warning:  #1295-D: Deprecated declaration increaseTime - give arg types
  void increaseTime();
timer\../logic/logic.h(12): warning:  #1295-D: Deprecated declaration updateTimeString - give arg types
  void updateTimeString();
timer\../logic/logic.h(13): warning:  #1295-D: Deprecated declaration isDead - give arg types
  uint8_t isDead();
timer\../logic/logic.h(14): warning:  #1295-D: Deprecated declaration eatMeal - give arg types
  void eatMeal();
timer\../logic/logic.h(15): warning:  #1295-D: Deprecated declaration eatSnack - give arg types
  void eatSnack();
timer\IRQ_timer.c: 16 warnings, 0 errors
compiling sample.c...
render/textures.h(6): warning:  #1295-D: Deprecated declaration render - give arg types
  void render();
render/textures.h(7): warning:  #1295-D: Deprecated declaration idle - give arg types
  void idle();
render/textures.h(9): warning:  #1295-D: Deprecated declaration drawMenu - give arg types
  void drawMenu();
render/textures.h(12): warning:  #1295-D: Deprecated declaration drawTime - give arg types
  void drawTime();
render/textures.h(13): warning:  #1295-D: Deprecated declaration decreaseSatiety - give arg types
  void decreaseSatiety();
render/textures.h(14): warning:  #1295-D: Deprecated declaration increaseSatiety - give arg types
  void increaseSatiety();
render/textures.h(15): warning:  #1295-D: Deprecated declaration decreaseHappiness - give arg types
  void decreaseHappiness();
render/textures.h(16): warning:  #1295-D: Deprecated declaration increaseHappiness - give arg types
  void increaseHappiness();
render/textures.h(17): warning:  #1295-D: Deprecated declaration drawGameOver - give arg types
  void drawGameOver();
render/textures.h(18): warning:  #1295-D: Deprecated declaration textureInit - give arg types
  void textureInit();
logic/logic.h(8): warning:  #1295-D: Deprecated declaration logicInit - give arg types
  void logicInit();
logic/logic.h(11): warning:  #1295-D: Deprecated declaration increaseTime - give arg types
  void increaseTime();
logic/logic.h(12): warning:  #1295-D: Deprecated declaration updateTimeString - give arg types
  void updateTimeString();
logic/logic.h(13): warning:  #1295-D: Deprecated declaration isDead - give arg types
  uint8_t isDead();
logic/logic.h(14): warning:  #1295-D: Deprecated declaration eatMeal - give arg types
  void eatMeal();
logic/logic.h(15): warning:  #1295-D: Deprecated declaration eatSnack - give arg types
  void eatSnack();
sample.c: 16 warnings, 0 errors
compiling AsciiLib.c...
compiling lib_timer.c...
compiling logic.c...
logic\./logic.h(8): warning:  #1295-D: Deprecated declaration logicInit - give arg types
  void logicInit();
logic\./logic.h(11): warning:  #1295-D: Deprecated declaration increaseTime - give arg types
  void increaseTime();
logic\./logic.h(12): warning:  #1295-D: Deprecated declaration updateTimeString - give arg types
  void updateTimeString();
logic\./logic.h(13): warning:  #1295-D: Deprecated declaration isDead - give arg types
  uint8_t isDead();
logic\./logic.h(14): warning:  #1295-D: Deprecated declaration eatMeal - give arg types
  void eatMeal();
logic\./logic.h(15): warning:  #1295-D: Deprecated declaration eatSnack - give arg types
  void eatSnack();
logic\../render/textures.h(6): warning:  #1295-D: Deprecated declaration render - give arg types
  void render();
logic\../render/textures.h(7): warning:  #1295-D: Deprecated declaration idle - give arg types
  void idle();
logic\../render/textures.h(9): warning:  #1295-D: Deprecated declaration drawMenu - give arg types
  void drawMenu();
logic\../render/textures.h(12): warning:  #1295-D: Deprecated declaration drawTime - give arg types
  void drawTime();
logic\../render/textures.h(13): warning:  #1295-D: Deprecated declaration decreaseSatiety - give arg types
  void decreaseSatiety();
logic\../render/textures.h(14): warning:  #1295-D: Deprecated declaration increaseSatiety - give arg types
  void increaseSatiety();
logic\../render/textures.h(15): warning:  #1295-D: Deprecated declaration decreaseHappiness - give arg types
  void decreaseHappiness();
logic\../render/textures.h(16): warning:  #1295-D: Deprecated declaration increaseHappiness - give arg types
  void increaseHappiness();
logic\../render/textures.h(17): warning:  #1295-D: Deprecated declaration drawGameOver - give arg types
  void drawGameOver();
logic\../render/textures.h(18): warning:  #1295-D: Deprecated declaration textureInit - give arg types
  void textureInit();
logic\logic.c: 16 warnings, 0 errors
compiling TouchPanel.c...
compiling textures.c...
render\../logic/logic.h(8): warning:  #1295-D: Deprecated declaration logicInit - give arg types
  void logicInit();
render\../logic/logic.h(11): warning:  #1295-D: Deprecated declaration increaseTime - give arg types
  void increaseTime();
render\../logic/logic.h(12): warning:  #1295-D: Deprecated declaration updateTimeString - give arg types
  void updateTimeString();
render\../logic/logic.h(13): warning:  #1295-D: Deprecated declaration isDead - give arg types
  uint8_t isDead();
render\../logic/logic.h(14): warning:  #1295-D: Deprecated declaration eatMeal - give arg types
  void eatMeal();
render\../logic/logic.h(15): warning:  #1295-D: Deprecated declaration eatSnack - give arg types
  void eatSnack();
render\./textures.h(6): warning:  #1295-D: Deprecated declaration render - give arg types
  void render();
render\./textures.h(7): warning:  #1295-D: Deprecated declaration idle - give arg types
  void idle();
render\./textures.h(9): warning:  #1295-D: Deprecated declaration drawMenu - give arg types
  void drawMenu();
render\./textures.h(12): warning:  #1295-D: Deprecated declaration drawTime - give arg types
  void drawTime();
render\./textures.h(13): warning:  #1295-D: Deprecated declaration decreaseSatiety - give arg types
  void decreaseSatiety();
render\./textures.h(14): warning:  #1295-D: Deprecated declaration increaseSatiety - give arg types
  void increaseSatiety();
render\./textures.h(15): warning:  #1295-D: Deprecated declaration decreaseHappiness - give arg types
  void decreaseHappiness();
render\./textures.h(16): warning:  #1295-D: Deprecated declaration increaseHappiness - give arg types
  void increaseHappiness();
render\./textures.h(17): warning:  #1295-D: Deprecated declaration drawGameOver - give arg types
  void drawGameOver();
render\./textures.h(18): warning:  #1295-D: Deprecated declaration textureInit - give arg types
  void textureInit();
render\textures.c(106): warning:  #177-D: variable "prevY"  was declared but never referenced
  	int oldId=0, newId=0, prevY;
render\textures.c(424): warning:  #186-D: pointless comparison of unsigned integer with zero
  	if(happiness >= 0) { //controllo suprefluo?
render\textures.c(436): warning:  #186-D: pointless comparison of unsigned integer with zero
  	if(satiety >= 0) {
render\textures.c: 19 warnings, 0 errors
compiling HzLib.c...
compiling lib_joystick.c...
compiling funct_joystick.c...
compiling lib_RIT.c...
compiling IRQ_RIT.c...
RIT\../render/textures.h(6): warning:  #1295-D: Deprecated declaration render - give arg types
  void render();
RIT\../render/textures.h(7): warning:  #1295-D: Deprecated declaration idle - give arg types
  void idle();
RIT\../render/textures.h(9): warning:  #1295-D: Deprecated declaration drawMenu - give arg types
  void drawMenu();
RIT\../render/textures.h(12): warning:  #1295-D: Deprecated declaration drawTime - give arg types
  void drawTime();
RIT\../render/textures.h(13): warning:  #1295-D: Deprecated declaration decreaseSatiety - give arg types
  void decreaseSatiety();
RIT\../render/textures.h(14): warning:  #1295-D: Deprecated declaration increaseSatiety - give arg types
  void increaseSatiety();
RIT\../render/textures.h(15): warning:  #1295-D: Deprecated declaration decreaseHappiness - give arg types
  void decreaseHappiness();
RIT\../render/textures.h(16): warning:  #1295-D: Deprecated declaration increaseHappiness - give arg types
  void increaseHappiness();
RIT\../render/textures.h(17): warning:  #1295-D: Deprecated declaration drawGameOver - give arg types
  void drawGameOver();
RIT\../render/textures.h(18): warning:  #1295-D: Deprecated declaration textureInit - give arg types
  void textureInit();
RIT\../logic/logic.h(8): warning:  #1295-D: Deprecated declaration logicInit - give arg types
  void logicInit();
RIT\../logic/logic.h(11): warning:  #1295-D: Deprecated declaration increaseTime - give arg types
  void increaseTime();
RIT\../logic/logic.h(12): warning:  #1295-D: Deprecated declaration updateTimeString - give arg types
  void updateTimeString();
RIT\../logic/logic.h(13): warning:  #1295-D: Deprecated declaration isDead - give arg types
  uint8_t isDead();
RIT\../logic/logic.h(14): warning:  #1295-D: Deprecated declaration eatMeal - give arg types
  void eatMeal();
RIT\../logic/logic.h(15): warning:  #1295-D: Deprecated declaration eatSnack - give arg types
  void eatSnack();
RIT\IRQ_RIT.c: 16 warnings, 0 errors
compiling GLCD.c...
linking...
Program Size: Code=34556 RO-data=1772 RW-data=14256 ZI-data=608  
".\sample.axf" - 0 Error(s), 83 Warning(s).

<h2>Software Packages used:</h2>

Package Vendor: ARM
                http://www.keil.com/pack/ARM.CMSIS.5.8.0.pack
                ARM.CMSIS.5.8.0
                CMSIS (Common Microcontroller Software Interface Standard)
   * Component: CORE Version: 5.5.0

Package Vendor: Keil
                http://www.keil.com/pack/Keil.LPC1700_DFP.2.7.1.pack
                Keil.LPC1700_DFP.2.7.1
                NXP LPC1700 Series Device Support, Drivers and Examples for MCB1700 and LPC1788-32

<h2>Collection of Component include folders:</h2>
  .\RTE\_Target_1
  C:\Users\claudio\AppData\Local\Arm\Packs\ARM\CMSIS\5.8.0\CMSIS\Core\Include
  C:\Users\claudio\AppData\Local\Arm\Packs\Keil\LPC1700_DFP\2.7.1\Device\Include

<h2>Collection of Component Files used:</h2>

   * Component: ARM::CMSIS:CORE:5.5.0
Build Time Elapsed:  00:00:05
</pre>
</body>
</html>
